Archive member included to satisfy reference by file (symbol)

C:/Users/pete/.pico-sdk/toolchain/14_2_Rel1/bin/../lib/gcc/arm-none-eabi/14.2.1/thumb/v6-m/nofp\libgcc.a(_dvmd_tls.o)
                              CMakeFiles/samwise-adcs.dir/C_/Users/pete/.pico-sdk/sdk/2.1.1/src/rp2_common/pico_divider/divider_hardware.S.obj (__aeabi_idiv0)
C:/Users/pete/.pico-sdk/toolchain/14_2_Rel1/bin/../lib/gcc/arm-none-eabi/14.2.1/thumb/v6-m/nofp\libg.a(libc_a-calloc.o)
                              CMakeFiles/samwise-adcs.dir/C_/Users/pete/.pico-sdk/sdk/2.1.1/src/rp2_common/pico_malloc/malloc.c.obj (calloc)
C:/Users/pete/.pico-sdk/toolchain/14_2_Rel1/bin/../lib/gcc/arm-none-eabi/14.2.1/thumb/v6-m/nofp\libg.a(libc_a-callocr.o)
                              C:/Users/pete/.pico-sdk/toolchain/14_2_Rel1/bin/../lib/gcc/arm-none-eabi/14.2.1/thumb/v6-m/nofp\libg.a(libc_a-calloc.o) (_calloc_r)
C:/Users/pete/.pico-sdk/toolchain/14_2_Rel1/bin/../lib/gcc/arm-none-eabi/14.2.1/thumb/v6-m/nofp\libg.a(libc_a-malloc.o)
                              CMakeFiles/samwise-adcs.dir/C_/Users/pete/.pico-sdk/sdk/2.1.1/src/rp2_common/pico_malloc/malloc.c.obj (malloc)
C:/Users/pete/.pico-sdk/toolchain/14_2_Rel1/bin/../lib/gcc/arm-none-eabi/14.2.1/thumb/v6-m/nofp\libg.a(libc_a-mallocr.o)
                              C:/Users/pete/.pico-sdk/toolchain/14_2_Rel1/bin/../lib/gcc/arm-none-eabi/14.2.1/thumb/v6-m/nofp\libg.a(libc_a-callocr.o) (_malloc_r)
C:/Users/pete/.pico-sdk/toolchain/14_2_Rel1/bin/../lib/gcc/arm-none-eabi/14.2.1/thumb/v6-m/nofp\libg.a(libc_a-mlock.o)
                              C:/Users/pete/.pico-sdk/toolchain/14_2_Rel1/bin/../lib/gcc/arm-none-eabi/14.2.1/thumb/v6-m/nofp\libg.a(libc_a-mallocr.o) (__malloc_lock)
C:/Users/pete/.pico-sdk/toolchain/14_2_Rel1/bin/../lib/gcc/arm-none-eabi/14.2.1/thumb/v6-m/nofp\libg.a(libc_a-realloc.o)
                              CMakeFiles/samwise-adcs.dir/C_/Users/pete/.pico-sdk/sdk/2.1.1/src/rp2_common/pico_malloc/malloc.c.obj (realloc)
C:/Users/pete/.pico-sdk/toolchain/14_2_Rel1/bin/../lib/gcc/arm-none-eabi/14.2.1/thumb/v6-m/nofp\libg.a(libc_a-reallocr.o)
                              C:/Users/pete/.pico-sdk/toolchain/14_2_Rel1/bin/../lib/gcc/arm-none-eabi/14.2.1/thumb/v6-m/nofp\libg.a(libc_a-realloc.o) (_realloc_r)
C:/Users/pete/.pico-sdk/toolchain/14_2_Rel1/bin/../lib/gcc/arm-none-eabi/14.2.1/thumb/v6-m/nofp\libg.a(libc_a-memcmp.o)
                              CMakeFiles/samwise-adcs.dir/C_/Users/pete/.pico-sdk/sdk/2.1.1/src/rp2_common/pico_atomic/atomic.c.obj (memcmp)
C:/Users/pete/.pico-sdk/toolchain/14_2_Rel1/bin/../lib/gcc/arm-none-eabi/14.2.1/thumb/v6-m/nofp\libg.a(libc_a-memmove.o)
                              C:/Users/pete/.pico-sdk/toolchain/14_2_Rel1/bin/../lib/gcc/arm-none-eabi/14.2.1/thumb/v6-m/nofp\libg.a(libc_a-reallocr.o) (memmove)
C:/Users/pete/.pico-sdk/toolchain/14_2_Rel1/bin/../lib/gcc/arm-none-eabi/14.2.1/thumb/v6-m/nofp\libg.a(libc_a-lcltime_r.o)
                              CMakeFiles/samwise-adcs.dir/C_/Users/pete/.pico-sdk/sdk/2.1.1/src/common/pico_util/datetime.c.obj (localtime_r)
C:/Users/pete/.pico-sdk/toolchain/14_2_Rel1/bin/../lib/gcc/arm-none-eabi/14.2.1/thumb/v6-m/nofp\libg.a(libc_a-mktime.o)
                              CMakeFiles/samwise-adcs.dir/C_/Users/pete/.pico-sdk/sdk/2.1.1/src/common/pico_util/datetime.c.obj (mktime)
C:/Users/pete/.pico-sdk/toolchain/14_2_Rel1/bin/../lib/gcc/arm-none-eabi/14.2.1/thumb/v6-m/nofp\libg.a(libc_a-month_lengths.o)
                              C:/Users/pete/.pico-sdk/toolchain/14_2_Rel1/bin/../lib/gcc/arm-none-eabi/14.2.1/thumb/v6-m/nofp\libg.a(libc_a-lcltime_r.o) (__month_lengths)
C:/Users/pete/.pico-sdk/toolchain/14_2_Rel1/bin/../lib/gcc/arm-none-eabi/14.2.1/thumb/v6-m/nofp\libg.a(libc_a-tzcalc_limits.o)
                              C:/Users/pete/.pico-sdk/toolchain/14_2_Rel1/bin/../lib/gcc/arm-none-eabi/14.2.1/thumb/v6-m/nofp\libg.a(libc_a-lcltime_r.o) (__tzcalc_limits)
C:/Users/pete/.pico-sdk/toolchain/14_2_Rel1/bin/../lib/gcc/arm-none-eabi/14.2.1/thumb/v6-m/nofp\libg.a(libc_a-tzlock.o)
                              C:/Users/pete/.pico-sdk/toolchain/14_2_Rel1/bin/../lib/gcc/arm-none-eabi/14.2.1/thumb/v6-m/nofp\libg.a(libc_a-lcltime_r.o) (__tz_lock)
C:/Users/pete/.pico-sdk/toolchain/14_2_Rel1/bin/../lib/gcc/arm-none-eabi/14.2.1/thumb/v6-m/nofp\libg.a(libc_a-tzset.o)
                              C:/Users/pete/.pico-sdk/toolchain/14_2_Rel1/bin/../lib/gcc/arm-none-eabi/14.2.1/thumb/v6-m/nofp\libg.a(libc_a-lcltime_r.o) (_tzset_unlocked)
C:/Users/pete/.pico-sdk/toolchain/14_2_Rel1/bin/../lib/gcc/arm-none-eabi/14.2.1/thumb/v6-m/nofp\libg.a(libc_a-tzset_r.o)
                              C:/Users/pete/.pico-sdk/toolchain/14_2_Rel1/bin/../lib/gcc/arm-none-eabi/14.2.1/thumb/v6-m/nofp\libg.a(libc_a-tzset.o) (_tzset_unlocked_r)
C:/Users/pete/.pico-sdk/toolchain/14_2_Rel1/bin/../lib/gcc/arm-none-eabi/14.2.1/thumb/v6-m/nofp\libg.a(libc_a-tzvars.o)
[...]
Memory Configuration

Name             Origin             Length             Attributes
FLASH            0x10000000         0x00200000         xr
RAM              0x20000000         0x00040000         xrw
SCRATCH_X        0x20040000         0x00001000         xrw
SCRATCH_Y        0x20041000         0x00001000         xrw
*default*        0x00000000         0xffffffff

Linker script and memory map

LOAD C:/Users/pete/.pico-sdk/toolchain/14_2_Rel1/bin/../lib/gcc/arm-none-eabi/14.2.1/thumb/v6-m/nofp/crti.o
LOAD C:/Users/pete/.pico-sdk/toolchain/14_2_Rel1/bin/../lib/gcc/arm-none-eabi/14.2.1/thumb/v6-m/nofp/crtbegin.o
LOAD C:/Users/pete/.pico-sdk/toolchain/14_2_Rel1/bin/../lib/gcc/arm-none-eabi/14.2.1/thumb/v6-m/nofp/crt0.o

.flash_begin    0x10000000        0x0
                0x10000000                        __flash_binary_start = .

.boot2          0x10000000      0x100
                0x10000000                        __boot2_start__ = .
 *(.boot2)
 .boot2         0x10000000      0x100 pico-sdk/src/rp2040/boot_stage2/CMakeFiles/bs2_default_library.dir/./bs2_default_padded_checksummed.S.obj
                0x10000100                        __boot2_end__ = .
                0x00000001                        ASSERT (((__boot2_end__ - __boot2_start__) == 0x100), ERROR: Pico second stage bootloader must be 256 bytes in size)

.text           0x10000100     0x9d88
                0x10000100                        __logical_binary_start = .
 *(.vectors)
 .vectors       0x10000100       0xd4 CMakeFiles/samwise-adcs.dir/C_/Users/pete/.pico-sdk/sdk/2.1.1/src/rp2_common/pico_crt0/crt0.S.obj
                0x10000100                __VECTOR_TABLE
                0x10000100                __vectors
                0x100001c0                isr_invalid
                0x100001c0                __default_isrs_start
                0x100001c2                isr_nmi
                0x100001c4                isr_hardfault
                0x100001c6                isr_svcall
                0x100001c8                isr_pendsv
                0x100001ca                isr_systick
                0x100001cc                isr_irq23
                0x100001cc                isr_irq18
                0x100001cc                isr_irq11
                0x100001cc                isr_irq28
                0x100001cc                isr_irq19
                0x100001cc                isr_irq0
                0x100001cc                isr_irq6
                0x100001cc                isr_irq5
                0x100001cc                isr_irq12
                0x100001cc                isr_irq22
                0x100001cc                isr_irq31
                0x100001cc                isr_irq17
                0x100001cc                isr_irq27
                0x100001cc                isr_irq30
                0x100001cc                isr_irq2
                0x100001cc                isr_irq10
                0x100001cc                isr_irq8
                0x100001cc                isr_irq24
                0x100001cc                isr_irq1
                0x100001cc                isr_irq7
                0x100001cc                isr_irq21
                0x100001cc                isr_irq20
                0x100001cc                isr_irq15
                0x100001cc                isr_irq25
                0x100001cc                isr_irq13
                0x100001cc                __unhandled_user_irq
                0x100001cc                isr_irq4
                0x100001cc                isr_irq16
                0x100001cc                isr_irq29
                0x100001cc                isr_irq26
                0x100001cc                __default_isrs_end
                0x100001cc                isr_irq3
                0x100001cc                isr_irq14
                0x100001cc                isr_irq9
                0x100001d2                unhandled_user_irq_num_in_r0
 *(.binary_info_header)
 .binary_info_header
                0x100001d4       0x14 CMakeFiles/samwise-adcs.dir/C_/Users/pete/.pico-sdk/sdk/2.1.1/src/rp2_common/pico_crt0/crt0.S.obj
                0x100001e8                        __binary_info_header_end = .
 *(.embedded_block)
                0x100001e8                        __embedded_block_end = .
 *(.reset)
 .reset         0x100001e8       0x9c CMakeFiles/samwise-adcs.dir/C_/Users/pete/.pico-sdk/sdk/2.1.1/src/rp2_common/pico_crt0/crt0.S.obj
                0x100001e8                _entry_point
 *(.init)
 .init          0x10000284        0x4 C:/Users/pete/.pico-sdk/toolchain/14_2_Rel1/bin/../lib/gcc/arm-none-eabi/14.2.1/thumb/v6-m/nofp/crti.o
                0x10000284                _init
 *(EXCLUDE_FILE(*libm.a: *libc.a:*lib_a-mem*.o *libgcc.a:) .text*)
 .text.register_tm_clones
                0x10000288       0x28 C:/Users/pete/.pico-sdk/toolchain/14_2_Rel1/bin/../lib/gcc/arm-none-eabi/14.2.1/thumb/v6-m/nofp/crtbegin.o
 .text.frame_dummy
                0x100002b0       0x24 C:/Users/pete/.pico-sdk/toolchain/14_2_Rel1/bin/../lib/gcc/arm-none-eabi/14.2.1/thumb/v6-m/nofp/crtbegin.o
 .text._Z4initP18samwise_adcs_slate
                0x100002d4       0x98 CMakeFiles/samwise-adcs.dir/src/init.cpp.obj
                0x100002d4                init(samwise_adcs_slate*)
 .text.startup.main
                0x1000036c       0x38 CMakeFiles/samwise-adcs.dir/src/main.cpp.obj
                0x1000036c                main
 .text.startup._GLOBAL__sub_I_slate
                0x100003a4       0x7c CMakeFiles/samwise-adcs.dir/src/main.cpp.obj
 .text._ZL29bmi2_error_codes_print_resulta
                0x10000420      0x224 CMakeFiles/samwise-adcs.dir/src/drivers/imu.cpp.obj
 .text._Z13bmi2_i2c_readhPhmPv
                0x10000644       0x88 CMakeFiles/samwise-adcs.dir/src/drivers/imu.cpp.obj
                0x10000644                bmi2_i2c_read(unsigned char, unsigned char*, unsigned long, void*)
 .text._Z13bmi2_delay_usmPv
                0x100006cc        0xc CMakeFiles/samwise-adcs.dir/src/drivers/imu.cpp.obj
                0x100006cc                bmi2_delay_us(unsigned long, void*)
 .text._Z14bmi2_i2c_writehPKhmPv
                0x100006d8       0x74 CMakeFiles/samwise-adcs.dir/src/drivers/imu.cpp.obj
                0x100006d8                bmi2_i2c_write(unsigned char, unsigned char const*, unsigned long, void*)
 .text._Z8imu_initP18samwise_adcs_slate
                0x1000074c      0x1d4 CMakeFiles/samwise-adcs.dir/src/drivers/imu.cpp.obj
                0x1000074c                imu_init(samwise_adcs_slate*)
 .text._Z16imu_get_rotationP18samwise_adcs_slate
                0x10000920      0x2a8 CMakeFiles/samwise-adcs.dir/src/drivers/imu.cpp.obj
                0x10000920                imu_get_rotation(samwise_adcs_slate*)
 .text.bmi2_set_regs.constprop.0
                0x10000bc8       0xa8 CMakeFiles/samwise-adcs.dir/src/drivers/external/bmi2.c.obj
 .text.bmi2_set_regs.constprop.1
                0x10000c70      0x110 CMakeFiles/samwise-adcs.dir/src/drivers/external/bmi2.c.obj
 .text.bmi2_get_regs.constprop.0
                0x10000d80       0xac CMakeFiles/samwise-adcs.dir/src/drivers/external/bmi2.c.obj
 .text.set_accel_config
                0x10000e2c       0xc8 CMakeFiles/samwise-adcs.dir/src/drivers/external/bmi2.c.obj
 .text.bmi2_get_regs.constprop.3
                0x10000ef4       0xc0 CMakeFiles/samwise-adcs.dir/src/drivers/external/bmi2.c.obj
 .text.get_aux_config
                0x10000fb4       0xa4 CMakeFiles/samwise-adcs.dir/src/drivers/external/bmi2.c.obj
 .text.get_remapped_data.isra.0
                0x10001058       0x54 CMakeFiles/samwise-adcs.dir/src/drivers/external/bmi2.c.obj
 .text.set_gyro_config
                0x100010ac       0xf4 CMakeFiles/samwise-adcs.dir/src/drivers/external/bmi2.c.obj
 .text.get_gyro_config
                0x100011a0       0xd8 CMakeFiles/samwise-adcs.dir/src/drivers/external/bmi2.c.obj
 .text.sensor_enable
                0x10001278      0x11c CMakeFiles/samwise-adcs.dir/src/drivers/external/bmi2.c.obj
 .text.bmi2_get_regs
                0x10001394       0xd0 CMakeFiles/samwise-adcs.dir/src/drivers/external/bmi2.c.obj
                0x10001394                bmi2_get_regs
 .text.bmi2_set_regs
                0x10001464      0x114 CMakeFiles/samwise-adcs.dir/src/drivers/external/bmi2.c.obj
                0x10001464                bmi2_set_regs
 .text.bmi2_set_adv_power_save
                0x10001578       0xe0 CMakeFiles/samwise-adcs.dir/src/drivers/external/bmi2.c.obj
                0x10001578                bmi2_set_adv_power_save
 .text.bmi2_write_config_file
                0x10001658      0x24c CMakeFiles/samwise-adcs.dir/src/drivers/external/bmi2.c.obj
                0x10001658                bmi2_write_config_file
 .text.bmi2_soft_reset
                0x100018a4       0x7c CMakeFiles/samwise-adcs.dir/src/drivers/external/bmi2.c.obj
                0x100018a4                bmi2_soft_reset
 .text.bmi2_sec_init
                0x10001920       0xa0 CMakeFiles/samwise-adcs.dir/src/drivers/external/bmi2.c.obj
                0x10001920                bmi2_sec_init
 .text.bmi2_sensor_enable
                0x100019c0       0x9c CMakeFiles/samwise-adcs.dir/src/drivers/external/bmi2.c.obj
                0x100019c0                bmi2_sensor_enable
 .text.bmi2_parse_sensor_data
                0x10001a5c      0x154 CMakeFiles/samwise-adcs.dir/src/drivers/external/bmi2.c.obj
                0x10001a5c                bmi2_parse_sensor_data
 .text.bmi2_get_sensor_data
                0x10001bb0       0xc4 CMakeFiles/samwise-adcs.dir/src/drivers/external/bmi2.c.obj
                0x10001bb0                bmi2_get_sensor_data
 .text.bmi2_map_data_int
                0x10001c74       0xf4 CMakeFiles/samwise-adcs.dir/src/drivers/external/bmi2.c.obj
                0x10001c74                bmi2_map_data_int
 .text.bmi2_get_feat_config
                0x10001d68      0x280 CMakeFiles/samwise-adcs.dir/src/drivers/external/bmi2.c.obj
                0x10001d68                bmi2_get_feat_config
 .text.get_gyro_cross_sense
                0x10001fe8       0x84 CMakeFiles/samwise-adcs.dir/src/drivers/external/bmi2.c.obj
 .text.bmi2_get_gyro_cross_sense
                0x1000206c       0x80 CMakeFiles/samwise-adcs.dir/src/drivers/external/bmi2.c.obj
                0x1000206c                bmi2_get_gyro_cross_sense
 .text.bmi2_set_sensor_config
                0x100020ec      0x35c CMakeFiles/samwise-adcs.dir/src/drivers/external/bmi2.c.obj
                0x100020ec                bmi2_set_sensor_config
 .text.get_gyro_gain_update_config
                0x10002448       0x98 CMakeFiles/samwise-adcs.dir/src/drivers/external/bmi2.c.obj
 .text.bmi2_get_sensor_config
                0x100024e0      0x190 CMakeFiles/samwise-adcs.dir/src/drivers/external/bmi2.c.obj
                0x100024e0                bmi2_get_sensor_config
 .text.bmi2_extract_input_feat_config
                0x10002670       0x34 CMakeFiles/samwise-adcs.dir/src/drivers/external/bmi2.c.obj
                0x10002670                bmi2_extract_input_feat_config
 .text.get_tap_config
                0x100026a4       0xe0 CMakeFiles/samwise-adcs.dir/src/drivers/external/bmi270_legacy.c.obj
 .text.set_tap_config
                0x10002784      0x178 CMakeFiles/samwise-adcs.dir/src/drivers/external/bmi270_legacy.c.obj
 .text.bmi270_legacy_init
                0x100028fc       0xa0 CMakeFiles/samwise-adcs.dir/src/drivers/external/bmi270_legacy.c.obj
                0x100028fc                bmi270_legacy_init
 .text.i2c_read_blocking_internal.constprop.0
                0x1000299c       0x98 CMakeFiles/samwise-adcs.dir/C_/Users/pete/.pico-sdk/sdk/2.1.1/src/rp2_common/hardware_i2c/i2c.c.obj
 .text.i2c_write_blocking_internal.constprop.0
                0x10002a34       0xf8 CMakeFiles/samwise-adcs.dir/C_/Users/pete/.pico-sdk/sdk/2.1.1/src/rp2_common/hardware_i2c/i2c.c.obj
 .text.i2c_set_baudrate
                0x10002b2c       0xc0 CMakeFiles/samwise-adcs.dir/C_/Users/pete/.pico-sdk/sdk/2.1.1/src/rp2_common/hardware_i2c/i2c.c.obj
                0x10002b2c                i2c_set_baudrate
 .text.i2c_init
                0x10002bec       0x50 CMakeFiles/samwise-adcs.dir/C_/Users/pete/.pico-sdk/sdk/2.1.1/src/rp2_common/hardware_i2c/i2c.c.obj
                0x10002bec                i2c_init
 .text.i2c_write_blocking
                0x10002c3c       0x14 CMakeFiles/samwise-adcs.dir/C_/Users/pete/.pico-sdk/sdk/2.1.1/src/rp2_common/hardware_i2c/i2c.c.obj
                0x10002c3c                i2c_write_blocking
 .text.i2c_read_blocking
                0x10002c50       0x14 CMakeFiles/samwise-adcs.dir/C_/Users/pete/.pico-sdk/sdk/2.1.1/src/rp2_common/hardware_i2c/i2c.c.obj
                0x10002c50                i2c_read_blocking
 .text.rp2040_chip_version
                0x10002c64        0xc CMakeFiles/samwise-adcs.dir/C_/Users/pete/.pico-sdk/sdk/2.1.1/src/rp2040/pico_platform/platform.c.obj
                0x10002c64                rp2040_chip_version
 .text.panic    0x10002c70       0x30 CMakeFiles/samwise-adcs.dir/C_/Users/pete/.pico-sdk/sdk/2.1.1/src/rp2_common/pico_platform_panic/panic.c.obj
                0x10002c70                panic
 .text.hw_claim_or_assert
                0x10002ca0       0x44 CMakeFiles/samwise-adcs.dir/C_/Users/pete/.pico-sdk/sdk/2.1.1/src/common/hardware_claim/claim.c.obj
                0x10002ca0                hw_claim_or_assert
 .text.hw_claim_unused_from_range
                0x10002ce4       0x88 CMakeFiles/samwise-adcs.dir/C_/Users/pete/.pico-sdk/sdk/2.1.1/src/common/hardware_claim/claim.c.obj
                0x10002ce4                hw_claim_unused_from_range
 .text.next_striped_spin_lock_num
                0x10002d6c       0x18 CMakeFiles/samwise-adcs.dir/C_/Users/pete/.pico-sdk/sdk/2.1.1/src/rp2_common/hardware_sync/sync.c.obj
                0x10002d6c                next_striped_spin_lock_num
 .text.spin_lock_claim_unused
                0x10002d84       0x24 CMakeFiles/samwise-adcs.dir/C_/Users/pete/.pico-sdk/sdk/2.1.1/src/rp2_common/hardware_sync/sync.c.obj
                0x10002d84                spin_lock_claim_unused
 .text.spin_locks_reset
                0x10002da8       0x1c CMakeFiles/samwise-adcs.dir/C_/Users/pete/.pico-sdk/sdk/2.1.1/src/rp2_common/hardware_sync_spin_lock/sync_spin_lock.c.obj
                0x10002da8                spin_locks_reset
 .text.sleep_until_callback
                0x10002dc4       0x30 CMakeFiles/samwise-adcs.dir/C_/Users/pete/.pico-sdk/sdk/2.1.1/src/common/pico_time/time.c.obj
 .text.alarm_pool_irq_handler
                0x10002df4      0x300 CMakeFiles/samwise-adcs.dir/C_/Users/pete/.pico-sdk/sdk/2.1.1/src/common/pico_time/time.c.obj
 .text.runtime_init_default_alarm_pool
                0x100030f4       0xdc CMakeFiles/samwise-adcs.dir/C_/Users/pete/.pico-sdk/sdk/2.1.1/src/common/pico_time/time.c.obj
                0x100030f4                runtime_init_default_alarm_pool
 .text.alarm_pool_get_default
                0x100031d0        0x8 CMakeFiles/samwise-adcs.dir/C_/Users/pete/.pico-sdk/sdk/2.1.1/src/common/pico_time/time.c.obj
                0x100031d0                alarm_pool_get_default
 .text.alarm_pool_add_alarm_at
                0x100031d8       0xd0 CMakeFiles/samwise-adcs.dir/C_/Users/pete/.pico-sdk/sdk/2.1.1/src/common/pico_time/time.c.obj
                0x100031d8                alarm_pool_add_alarm_at
 .text.alarm_pool_add_alarm_at_force_in_context
                0x100032a8       0xb0 CMakeFiles/samwise-adcs.dir/C_/Users/pete/.pico-sdk/sdk/2.1.1/src/common/pico_time/time.c.obj
                0x100032a8                alarm_pool_add_alarm_at_force_in_context
 .text.alarm_pool_cancel_alarm
                0x10003358       0x74 CMakeFiles/samwise-adcs.dir/C_/Users/pete/.pico-sdk/sdk/2.1.1/src/common/pico_time/time.c.obj
                0x10003358                alarm_pool_cancel_alarm
 .text.alarm_pool_core_num
                0x100033cc        0x4 CMakeFiles/samwise-adcs.dir/C_/Users/pete/.pico-sdk/sdk/2.1.1/src/common/pico_time/time.c.obj
                0x100033cc                alarm_pool_core_num
 .text.sleep_us
                0x100033d0       0xec CMakeFiles/samwise-adcs.dir/C_/Users/pete/.pico-sdk/sdk/2.1.1/src/common/pico_time/time.c.obj
                0x100033d0                sleep_us
 .text.sleep_ms
                0x100034bc       0xfc CMakeFiles/samwise-adcs.dir/C_/Users/pete/.pico-sdk/sdk/2.1.1/src/common/pico_time/time.c.obj
                0x100034bc                sleep_ms
 .text.best_effort_wfe_or_timeout
                0x100035b8      0x10c CMakeFiles/samwise-adcs.dir/C_/Users/pete/.pico-sdk/sdk/2.1.1/src/common/pico_time/time.c.obj
                0x100035b8                best_effort_wfe_or_timeout
 .text.timer_hardware_alarm_claim
                0x100036c4       0x14 CMakeFiles/samwise-adcs.dir/C_/Users/pete/.pico-sdk/sdk/2.1.1/src/rp2_common/hardware_timer/timer.c.obj
                0x100036c4                timer_hardware_alarm_claim
 .text.timer_time_us_64
                0x100036d8       0x10 CMakeFiles/samwise-adcs.dir/C_/Users/pete/.pico-sdk/sdk/2.1.1/src/rp2_common/hardware_timer/timer.c.obj
                0x100036d8                timer_time_us_64
 .text.time_us_64
                0x100036e8       0x14 CMakeFiles/samwise-adcs.dir/C_/Users/pete/.pico-sdk/sdk/2.1.1/src/rp2_common/hardware_timer/timer.c.obj
                0x100036e8                time_us_64
 .text.busy_wait_until
                0x100036fc       0x20 CMakeFiles/samwise-adcs.dir/C_/Users/pete/.pico-sdk/sdk/2.1.1/src/rp2_common/hardware_timer/timer.c.obj
                0x100036fc                busy_wait_until
 .text.runtime_init_per_core_irq_priorities
                0x1000371c       0x24 CMakeFiles/samwise-adcs.dir/C_/Users/pete/.pico-sdk/sdk/2.1.1/src/rp2_common/hardware_irq/irq.c.obj
                0x1000371c                runtime_init_per_core_irq_priorities
 .text.irq_set_enabled
                0x10003740       0x24 CMakeFiles/samwise-adcs.dir/C_/Users/pete/.pico-sdk/sdk/2.1.1/src/rp2_common/hardware_irq/irq.c.obj
                0x10003740                irq_set_enabled
 .text.irq_is_enabled
                0x10003764       0x18 CMakeFiles/samwise-adcs.dir/C_/Users/pete/.pico-sdk/sdk/2.1.1/src/rp2_common/hardware_irq/irq.c.obj
                0x10003764                irq_is_enabled
 .text.irq_set_pending
                0x1000377c       0x10 CMakeFiles/samwise-adcs.dir/C_/Users/pete/.pico-sdk/sdk/2.1.1/src/rp2_common/hardware_irq/irq.c.obj
                0x1000377c                irq_set_pending
 .text.irq_has_shared_handler
                0x1000378c       0x24 CMakeFiles/samwise-adcs.dir/C_/Users/pete/.pico-sdk/sdk/2.1.1/src/rp2_common/hardware_irq/irq.c.obj
                0x1000378c                irq_has_shared_handler
 .text.irq_set_exclusive_handler
                0x100037b0       0x54 CMakeFiles/samwise-adcs.dir/C_/Users/pete/.pico-sdk/sdk/2.1.1/src/rp2_common/hardware_irq/irq.c.obj
                0x100037b0                irq_set_exclusive_handler
 .text.irq_add_shared_handler
                0x10003804      0x1f4 CMakeFiles/samwise-adcs.dir/C_/Users/pete/.pico-sdk/sdk/2.1.1/src/rp2_common/hardware_irq/irq.c.obj
                0x10003804                irq_add_shared_handler
 .text.irq_add_tail_to_free_list
                0x100039f8       0xb4 CMakeFiles/samwise-adcs.dir/C_/Users/pete/.pico-sdk/sdk/2.1.1/src/rp2_common/hardware_irq/irq.c.obj
                0x100039f8                irq_add_tail_to_free_list
 .text.user_irq_claim_unused
                0x10003aac       0x2c CMakeFiles/samwise-adcs.dir/C_/Users/pete/.pico-sdk/sdk/2.1.1/src/rp2_common/hardware_irq/irq.c.obj
                0x10003aac                user_irq_claim_unused
 .text.lock_init
                0x10003ad8       0x10 CMakeFiles/samwise-adcs.dir/C_/Users/pete/.pico-sdk/sdk/2.1.1/src/common/pico_sync/lock_core.c.obj
                0x10003ad8                lock_init
 .text.runtime_init_mutex
                0x10003ae8       0x50 CMakeFiles/samwise-adcs.dir/C_/Users/pete/.pico-sdk/sdk/2.1.1/src/common/pico_sync/mutex.c.obj
                0x10003ae8                runtime_init_mutex
 .text.mutex_init
                0x10003b38       0x1c CMakeFiles/samwise-adcs.dir/C_/Users/pete/.pico-sdk/sdk/2.1.1/src/common/pico_sync/mutex.c.obj
                0x10003b38                mutex_init
 .text.critical_section_init
                0x10003b54       0x1c CMakeFiles/samwise-adcs.dir/C_/Users/pete/.pico-sdk/sdk/2.1.1/src/common/pico_sync/critical_section.c.obj
                0x10003b54                critical_section_init
 .text.critical_section_init_with_lock_num
                0x10003b70       0x14 CMakeFiles/samwise-adcs.dir/C_/Users/pete/.pico-sdk/sdk/2.1.1/src/common/pico_sync/critical_section.c.obj
                0x10003b70                critical_section_init_with_lock_num
 .text.clock_configure_int_divider
                0x10003b84       0xf4 CMakeFiles/samwise-adcs.dir/C_/Users/pete/.pico-sdk/sdk/2.1.1/src/rp2_common/hardware_clocks/clocks.c.obj
                0x10003b84                clock_configure_int_divider
 .text.clock_configure_undivided
                0x10003c78       0xe8 CMakeFiles/samwise-adcs.dir/C_/Users/pete/.pico-sdk/sdk/2.1.1/src/rp2_common/hardware_clocks/clocks.c.obj
                0x10003c78                clock_configure_undivided
 .text.clock_get_hz
                0x10003d60        0xc CMakeFiles/samwise-adcs.dir/C_/Users/pete/.pico-sdk/sdk/2.1.1/src/rp2_common/hardware_clocks/clocks.c.obj
                0x10003d60                clock_get_hz
 .text.gpio_set_function
                0x10003d6c       0x34 CMakeFiles/samwise-adcs.dir/C_/Users/pete/.pico-sdk/sdk/2.1.1/src/rp2_common/hardware_gpio/gpio.c.obj
                0x10003d6c                gpio_set_function
 .text.gpio_set_pulls
                0x10003da0       0x28 CMakeFiles/samwise-adcs.dir/C_/Users/pete/.pico-sdk/sdk/2.1.1/src/rp2_common/hardware_gpio/gpio.c.obj
                0x10003da0                gpio_set_pulls
 .text.pll_init
                0x10003dc8       0xa4 CMakeFiles/samwise-adcs.dir/C_/Users/pete/.pico-sdk/sdk/2.1.1/src/rp2_common/hardware_pll/pll.c.obj
                0x10003dc8                pll_init
 .text.watchdog_reboot
                0x10003e6c       0x9c CMakeFiles/samwise-adcs.dir/C_/Users/pete/.pico-sdk/sdk/2.1.1/src/rp2_common/hardware_watchdog/watchdog.c.obj
                0x10003e6c                watchdog_reboot
 .text.tick_start
                0x10003f08       0x10 CMakeFiles/samwise-adcs.dir/C_/Users/pete/.pico-sdk/sdk/2.1.1/src/rp2_common/hardware_ticks/ticks.c.obj
                0x10003f08                tick_start
 .text.rom_func_lookup
                0x10003f18       0x10 CMakeFiles/samwise-adcs.dir/C_/Users/pete/.pico-sdk/sdk/2.1.1/src/rp2_common/pico_bootrom/bootrom.c.obj
                0x10003f18                rom_func_lookup
 .text.rom_data_lookup
                0x10003f28       0x10 CMakeFiles/samwise-adcs.dir/C_/Users/pete/.pico-sdk/sdk/2.1.1/src/rp2_common/pico_bootrom/bootrom.c.obj
                0x10003f28                rom_data_lookup
 .text.rom_funcs_lookup
                0x10003f38       0x44 CMakeFiles/samwise-adcs.dir/C_/Users/pete/.pico-sdk/sdk/2.1.1/src/rp2_common/pico_bootrom/bootrom.c.obj
                0x10003f38                rom_funcs_lookup
 .text.rom_reset_usb_boot_extra
                0x10003f7c       0x24 CMakeFiles/samwise-adcs.dir/C_/Users/pete/.pico-sdk/sdk/2.1.1/src/rp2_common/pico_bootrom/bootrom.c.obj
                0x10003f7c                rom_reset_usb_boot_extra
 .text.xosc_init
                0x10003fa0       0x28 CMakeFiles/samwise-adcs.dir/C_/Users/pete/.pico-sdk/sdk/2.1.1/src/rp2_common/hardware_xosc/xosc.c.obj
                0x10003fa0                xosc_init
 .text.first_per_core_initializer
                0x10003fc8        0x4 CMakeFiles/samwise-adcs.dir/C_/Users/pete/.pico-sdk/sdk/2.1.1/src/rp2_common/pico_runtime/runtime.c.obj
 .text.hard_assertion_failure
                0x10003fcc        0xc CMakeFiles/samwise-adcs.dir/C_/Users/pete/.pico-sdk/sdk/2.1.1/src/rp2_common/pico_runtime/runtime.c.obj
                0x10003fcc                hard_assertion_failure
 .text.runtime_run_initializers
                0x10003fd8       0x28 CMakeFiles/samwise-adcs.dir/C_/Users/pete/.pico-sdk/sdk/2.1.1/src/rp2_common/pico_runtime/runtime.c.obj
                0x10003fd8                runtime_run_initializers
 .text.runtime_init_early_resets
                0x10004000       0x2c CMakeFiles/samwise-adcs.dir/C_/Users/pete/.pico-sdk/sdk/2.1.1/src/rp2_common/pico_runtime_init/runtime_init.c.obj
                0x10004000                runtime_init_early_resets
 .text.runtime_init_usb_power_down
                0x1000402c       0x1c CMakeFiles/samwise-adcs.dir/C_/Users/pete/.pico-sdk/sdk/2.1.1/src/rp2_common/pico_runtime_init/runtime_init.c.obj
                0x1000402c                runtime_init_usb_power_down
 .text.runtime_init_post_clock_resets
                0x10004048       0x20 CMakeFiles/samwise-adcs.dir/C_/Users/pete/.pico-sdk/sdk/2.1.1/src/rp2_common/pico_runtime_init/runtime_init.c.obj
                0x10004048                runtime_init_post_clock_resets
 .text.runtime_init_rp2040_gpio_ie_disable
                0x10004068       0x14 CMakeFiles/samwise-adcs.dir/C_/Users/pete/.pico-sdk/sdk/2.1.1/src/rp2_common/pico_runtime_init/runtime_init.c.obj
                0x10004068                runtime_init_rp2040_gpio_ie_disable
 .text.runtime_init_spin_locks_reset
                0x1000407c        0x8 CMakeFiles/samwise-adcs.dir/C_/Users/pete/.pico-sdk/sdk/2.1.1/src/rp2_common/pico_runtime_init/runtime_init.c.obj
                0x1000407c                runtime_init_spin_locks_reset
 .text.runtime_init_install_ram_vector_table
                0x10004084       0x1c CMakeFiles/samwise-adcs.dir/C_/Users/pete/.pico-sdk/sdk/2.1.1/src/rp2_common/pico_runtime_init/runtime_init.c.obj
                0x10004084                runtime_init_install_ram_vector_table
 .text.runtime_init_clocks
                0x100040a0       0xd8 CMakeFiles/samwise-adcs.dir/C_/Users/pete/.pico-sdk/sdk/2.1.1/src/rp2_common/pico_runtime_init/runtime_init_clocks.c.obj
                0x100040a0                runtime_init_clocks
 .text          0x10004178       0x10 CMakeFiles/samwise-adcs.dir/C_/Users/pete/.pico-sdk/sdk/2.1.1/src/rp2_common/pico_bit_ops/bit_ops_aeabi.S.obj
 .text.__wrap___aeabi_idiv
                0x10004188       0x50 CMakeFiles/samwise-adcs.dir/C_/Users/pete/.pico-sdk/sdk/2.1.1/src/rp2_common/pico_divider/divider_hardware.S.obj
                0x10004188                __wrap___aeabi_idivmod
                0x10004188                divmod_s32s32
                0x10004188                div_s32s32
                0x10004188                __wrap___aeabi_idiv
                0x10004190                divmod_s32s32_unsafe
                0x100041bc                divmod_s32s32_savestate
 .text.__wrap___aeabi_uidiv
                0x100041d8       0x4c CMakeFiles/samwise-adcs.dir/C_/Users/pete/.pico-sdk/sdk/2.1.1/src/rp2_common/pico_divider/divider_hardware.S.obj
                0x100041d8                __wrap___aeabi_uidiv
                0x100041d8                __wrap___aeabi_uidivmod
                0x100041d8                div_u32u32
                0x100041d8                divmod_u32u32
                0x100041e0                divmod_u32u32_unsafe
                0x10004208                divmod_u32u32_savestate
 .text.__wrap___aeabi_ldiv
                0x10004224      0x424 CMakeFiles/samwise-adcs.dir/C_/Users/pete/.pico-sdk/sdk/2.1.1/src/rp2_common/pico_divider/divider_hardware.S.obj
                0x10004224                div_s64s64
                0x10004224                divmod_s64s64
                0x10004224                __wrap___aeabi_ldivmod
                0x10004254                divmod_u64u64
                0x10004254                div_u64u64
                0x10004254                __wrap___aeabi_uldivmod
                0x10004264                divmod_u64u64_savestate
                0x10004284                divmod_s64s64_unsafe
                0x1000430c                divmod_u64u64_unsafe
 .text.__wrap___aeabi_darithmetic
                0x10004648       0x80 CMakeFiles/samwise-adcs.dir/C_/Users/pete/.pico-sdk/sdk/2.1.1/src/rp2_common/pico_double/double_aeabi_rp2040.S.obj
                0x10004648                __wrap___aeabi_drsub
                0x1000464e                __wrap___aeabi_dsub
                0x10004660                __wrap___aeabi_dadd
                0x10004672                __wrap___aeabi_ddiv
                0x100046ae                __wrap___aeabi_dmul
 .text.__wrap___aeabi_cdcmple
                0x100046c8       0x6c CMakeFiles/samwise-adcs.dir/C_/Users/pete/.pico-sdk/sdk/2.1.1/src/rp2_common/pico_double/double_aeabi_rp2040.S.obj
                0x100046c8                __wrap___aeabi_cdrcmple
                0x100046d8                __wrap___aeabi_cdcmpeq
                0x100046d8                __wrap___aeabi_cdcmple
 .text.__wrap___aeabi_dcmplt
                0x10004734        0xc CMakeFiles/samwise-adcs.dir/C_/Users/pete/.pico-sdk/sdk/2.1.1/src/rp2_common/pico_double/double_aeabi_rp2040.S.obj
                0x10004734                __wrap___aeabi_dcmplt
 .text.__wrap___aeabi_dcmple
                0x10004740       0x10 CMakeFiles/samwise-adcs.dir/C_/Users/pete/.pico-sdk/sdk/2.1.1/src/rp2_common/pico_double/double_aeabi_rp2040.S.obj
                0x10004740                __wrap___aeabi_dcmple
 .text.__wrap___aeabi_dcmpge
                0x10004750       0x10 CMakeFiles/samwise-adcs.dir/C_/Users/pete/.pico-sdk/sdk/2.1.1/src/rp2_common/pico_double/double_aeabi_rp2040.S.obj
                0x10004750                __wrap___aeabi_dcmpge
 .text.__wrap___aeabi_dcmpgt
                0x10004760        0xa CMakeFiles/samwise-adcs.dir/C_/Users/pete/.pico-sdk/sdk/2.1.1/src/rp2_common/pico_double/double_aeabi_rp2040.S.obj
                0x10004760                __wrap___aeabi_dcmpgt
 .text.__wrap___aeabi_dcmpun
                0x1000476a       0x18 CMakeFiles/samwise-adcs.dir/C_/Users/pete/.pico-sdk/sdk/2.1.1/src/rp2_common/pico_double/double_aeabi_rp2040.S.obj
                0x1000476a                __wrap___aeabi_dcmpun
 *fill*         0x10004782        0x2 
 .text.__wrap___aeabi_i2d
                0x10004784       0x38 CMakeFiles/samwise-adcs.dir/C_/Users/pete/.pico-sdk/sdk/2.1.1/src/rp2_common/pico_double/double_aeabi_rp2040.S.obj
                0x10004784                uint2double
                0x10004784                __wrap___aeabi_ui2d
                0x1000478c                int2double
                0x1000478c                __wrap___aeabi_i2d
 .text.__wrap___aeabi_d2iz
                0x100047bc       0x48 CMakeFiles/samwise-adcs.dir/C_/Users/pete/.pico-sdk/sdk/2.1.1/src/rp2_common/pico_double/double_aeabi_rp2040.S.obj
                0x100047bc                double2int_z
                0x100047bc                __wrap___aeabi_d2iz
 .text.__wrap___aeabi_d2uiz
                0x10004804       0x18 CMakeFiles/samwise-adcs.dir/C_/Users/pete/.pico-sdk/sdk/2.1.1/src/rp2_common/pico_double/double_aeabi_rp2040.S.obj
                0x10004804                double2uint
                0x10004804                __wrap___aeabi_d2uiz
                0x10004804                double2uint_z
 .text.__wrap___aeabi_d2f
                0x1000481c       0x18 CMakeFiles/samwise-adcs.dir/C_/Users/pete/.pico-sdk/sdk/2.1.1/src/rp2_common/pico_double/double_aeabi_rp2040.S.obj
                0x1000481c                __wrap___aeabi_d2f
 .text.__wrap_exp
                0x10004834       0x18 CMakeFiles/samwise-adcs.dir/C_/Users/pete/.pico-sdk/sdk/2.1.1/src/rp2_common/pico_double/double_aeabi_rp2040.S.obj
                0x10004834                __wrap_exp
 .text.__wrap_log
                0x1000484c       0x18 CMakeFiles/samwise-adcs.dir/C_/Users/pete/.pico-sdk/sdk/2.1.1/src/rp2_common/pico_double/double_aeabi_rp2040.S.obj
                0x1000484c                __wrap_log
 .text.__aeabi_double_init
                0x10004864       0xa4 CMakeFiles/samwise-adcs.dir/C_/Users/pete/.pico-sdk/sdk/2.1.1/src/rp2_common/pico_double/double_init_rom_rp2040.c.obj
                0x10004864                __aeabi_double_init
 .text.double_table_shim_on_use_helper
                0x10004908       0x2c CMakeFiles/samwise-adcs.dir/C_/Users/pete/.pico-sdk/sdk/2.1.1/src/rp2_common/pico_double/double_v1_rom_shim_rp2040.S.obj
                0x10004908                double_table_shim_on_use_helper
 .text.__wrap___aeabi_dsub
                0x10004934       0x10 CMakeFiles/samwise-adcs.dir/C_/Users/pete/.pico-sdk/sdk/2.1.1/src/rp2_common/pico_double/double_v1_rom_shim_rp2040.S.obj
                0x10004934                drsub_shim
                0x1000493a                dsub_shim
 .text.dadd_shim
                0x10004944      0x15c CMakeFiles/samwise-adcs.dir/C_/Users/pete/.pico-sdk/sdk/2.1.1/src/rp2_common/pico_double/double_v1_rom_shim_rp2040.S.obj
                0x10004944                dadd_shim
 .text.dmul_shim
                0x10004aa0      0x15c CMakeFiles/samwise-adcs.dir/C_/Users/pete/.pico-sdk/sdk/2.1.1/src/rp2_common/pico_double/double_v1_rom_shim_rp2040.S.obj
                0x10004aa0                dmul_shim
 .text.ddiv_shim
                0x10004bfc      0x1b0 CMakeFiles/samwise-adcs.dir/C_/Users/pete/.pico-sdk/sdk/2.1.1/src/rp2_common/pico_double/double_v1_rom_shim_rp2040.S.obj
                0x10004bfc                ddiv_shim
 .text.double2uint_shim
                0x10004dac        0xe CMakeFiles/samwise-adcs.dir/C_/Users/pete/.pico-sdk/sdk/2.1.1/src/rp2_common/pico_double/double_v1_rom_shim_rp2040.S.obj
                0x10004dac                double2uint_shim
                0x10004dae                double2ufix_shim
 *fill*         0x10004dba        0x2 
 .text.double2uint64_shim
                0x10004dbc       0x70 CMakeFiles/samwise-adcs.dir/C_/Users/pete/.pico-sdk/sdk/2.1.1/src/rp2_common/pico_double/double_v1_rom_shim_rp2040.S.obj
                0x10004dbc                double2uint64_shim
                0x10004dbe                double2ufix64_shim
                0x10004dde                d2fix_a
 .text.double2float_shim
                0x10004e2c       0x5c CMakeFiles/samwise-adcs.dir/C_/Users/pete/.pico-sdk/sdk/2.1.1/src/rp2_common/pico_double/double_v1_rom_shim_rp2040.S.obj
                0x10004e2c                double2float_shim
 .text.x2double_shims
                0x10004e88       0x90 CMakeFiles/samwise-adcs.dir/C_/Users/pete/.pico-sdk/sdk/2.1.1/src/rp2_common/pico_double/double_v1_rom_shim_rp2040.S.obj
                0x10004e88                uint2double_shim
                0x10004e8a                ufix2double_shim
                0x10004e90                int2double_shim
                0x10004e92                fix2double_shim
                0x10004e98                uint642double_shim
                0x10004e9a                ufix642double_shim
                0x10004ea0                int642double_shim
                0x10004ea2                fix642double_shim
 .text.dunpacks
                0x10004f18       0x3c CMakeFiles/samwise-adcs.dir/C_/Users/pete/.pico-sdk/sdk/2.1.1/src/rp2_common/pico_double/double_v1_rom_shim_rp2040.S.obj
                0x10004f18                dunpacks
 .text.dreduce  0x10004f54       0x82 CMakeFiles/samwise-adcs.dir/C_/Users/pete/.pico-sdk/sdk/2.1.1/src/rp2_common/pico_double/double_v1_rom_shim_rp2040.S.obj
                0x10004f54                dreduce
 *fill*         0x10004fd6        0x2 
 .text.dexp_guts
                0x10004fd8      0x268 CMakeFiles/samwise-adcs.dir/C_/Users/pete/.pico-sdk/sdk/2.1.1/src/rp2_common/pico_double/double_v1_rom_shim_rp2040.S.obj
                0x10004fd8                dexp_shim
                0x10005074                dln_shim
 .text.__aeabi_lmul
                0x10005240       0x32 CMakeFiles/samwise-adcs.dir/C_/Users/pete/.pico-sdk/sdk/2.1.1/src/rp2_common/pico_int64_ops/pico_int64_ops_aeabi.S.obj
                0x10005240                __wrap___aeabi_lmul
 *fill*         0x10005272        0x2 
 .text.__wrap___aeabi_farithmetic
                0x10005274       0x48 CMakeFiles/samwise-adcs.dir/C_/Users/pete/.pico-sdk/sdk/2.1.1/src/rp2_common/pico_float/float_aeabi_rp2040.S.obj
                0x10005274                __wrap___aeabi_frsub
                0x1000527a                __wrap___aeabi_fsub
                0x10005280                __wrap___aeabi_fadd
                0x10005286                __wrap___aeabi_fdiv
                0x100052ae                __wrap___aeabi_fmul
 .text.__wrap___aeabi_cfcmple
                0x100052bc       0x50 CMakeFiles/samwise-adcs.dir/C_/Users/pete/.pico-sdk/sdk/2.1.1/src/rp2_common/pico_float/float_aeabi_rp2040.S.obj
                0x100052bc                __wrap___aeabi_cfrcmple
                0x100052c8                __wrap___aeabi_cfcmple
                0x100052c8                __wrap___aeabi_cfcmpeq
 .text.__wrap___aeabi_fcmpeq
                0x1000530c       0x10 CMakeFiles/samwise-adcs.dir/C_/Users/pete/.pico-sdk/sdk/2.1.1/src/rp2_common/pico_float/float_aeabi_rp2040.S.obj
                0x1000530c                __wrap___aeabi_fcmpeq
 .text.__wrap___aeabi_ui2f
                0x1000531c        0xa CMakeFiles/samwise-adcs.dir/C_/Users/pete/.pico-sdk/sdk/2.1.1/src/rp2_common/pico_float/float_aeabi_rp2040.S.obj
                0x1000531c                __wrap___aeabi_ui2f
                0x1000531c                uint2float
 *fill*         0x10005326        0x2 
 .text.__wrap___aeabi_i2f
                0x10005328       0x44 CMakeFiles/samwise-adcs.dir/C_/Users/pete/.pico-sdk/sdk/2.1.1/src/rp2_common/pico_float/float_aeabi_rp2040.S.obj
                0x10005328                __wrap___aeabi_i2f
                0x10005328                int2float
 .text.__wrap___aeabi_f2iz
                0x1000536c       0x4e CMakeFiles/samwise-adcs.dir/C_/Users/pete/.pico-sdk/sdk/2.1.1/src/rp2_common/pico_float/float_aeabi_rp2040.S.obj
                0x1000536c                float2int_z
                0x1000536c                __wrap___aeabi_f2iz
 *fill*         0x100053ba        0x2 
 .text.float2int
                0x100053bc       0x14 CMakeFiles/samwise-adcs.dir/C_/Users/pete/.pico-sdk/sdk/2.1.1/src/rp2_common/pico_float/float_aeabi_rp2040.S.obj
                0x100053bc                float2int
 .text.__wrap___aeabi_f2uiz
                0x100053d0        0xc CMakeFiles/samwise-adcs.dir/C_/Users/pete/.pico-sdk/sdk/2.1.1/src/rp2_common/pico_float/float_aeabi_rp2040.S.obj
                0x100053d0                float2uint_z
                0x100053d0                __wrap___aeabi_f2uiz
                0x100053d0                float2uint
 .text.__wrap___aeabi_f2d
                0x100053dc       0x14 CMakeFiles/samwise-adcs.dir/C_/Users/pete/.pico-sdk/sdk/2.1.1/src/rp2_common/pico_float/float_aeabi_rp2040.S.obj
                0x100053dc                __wrap___aeabi_f2d
 .text.__aeabi_float_init
                0x100053f0       0x64 CMakeFiles/samwise-adcs.dir/C_/Users/pete/.pico-sdk/sdk/2.1.1/src/rp2_common/pico_float/float_init_rom_rp2040.c.obj
                0x100053f0                __aeabi_float_init
 .text.fpow_int2
                0x10005454       0xb8 CMakeFiles/samwise-adcs.dir/C_/Users/pete/.pico-sdk/sdk/2.1.1/src/rp2_common/pico_float/float_math.c.obj
 .text.fpow_0   0x1000550c       0xfc CMakeFiles/samwise-adcs.dir/C_/Users/pete/.pico-sdk/sdk/2.1.1/src/rp2_common/pico_float/float_math.c.obj
 .text.__wrap_powf
                0x10005608      0x198 CMakeFiles/samwise-adcs.dir/C_/Users/pete/.pico-sdk/sdk/2.1.1/src/rp2_common/pico_float/float_math.c.obj
                0x10005608                __wrap_powf
 .text.float_table_shim_on_use_helper
                0x100057a0       0x2c CMakeFiles/samwise-adcs.dir/C_/Users/pete/.pico-sdk/sdk/2.1.1/src/rp2_common/pico_float/float_v1_rom_shim_rp2040.S.obj
                0x100057a0                float_table_shim_on_use_helper
 .text.float232_shims
                0x100057cc       0x18 CMakeFiles/samwise-adcs.dir/C_/Users/pete/.pico-sdk/sdk/2.1.1/src/rp2_common/pico_float/float_v1_rom_shim_rp2040.S.obj
                0x100057cc                float2int_shim
                0x100057ce                float2fix_shim
 .text.float2double_shim
                0x100057e4       0x30 CMakeFiles/samwise-adcs.dir/C_/Users/pete/.pico-sdk/sdk/2.1.1/src/rp2_common/pico_float/float_v1_rom_shim_rp2040.S.obj
                0x100057e4                float2double_shim
 .text          0x10005814       0x10 CMakeFiles/samwise-adcs.dir/C_/Users/pete/.pico-sdk/sdk/2.1.1/src/rp2_common/pico_mem_ops/mem_ops_aeabi.S.obj
                0x10005814                __aeabi_mem_init
 .text.memset   0x10005824        0xc CMakeFiles/samwise-adcs.dir/C_/Users/pete/.pico-sdk/sdk/2.1.1/src/rp2_common/pico_mem_ops/mem_ops_aeabi.S.obj
                0x10005824                __wrap_memset
 .text.memcpy   0x10005830        0xc CMakeFiles/samwise-adcs.dir/C_/Users/pete/.pico-sdk/sdk/2.1.1/src/rp2_common/pico_mem_ops/mem_ops_aeabi.S.obj
                0x10005830                __wrap_memcpy
                0x10005830                __wrap___aeabi_memcpy
 .text._out_null
                0x1000583c        0x4 CMakeFiles/samwise-adcs.dir/C_/Users/pete/.pico-sdk/sdk/2.1.1/src/rp2_common/pico_printf/printf.c.obj
 .text._out_rev
                0x10005840       0xac CMakeFiles/samwise-adcs.dir/C_/Users/pete/.pico-sdk/sdk/2.1.1/src/rp2_common/pico_printf/printf.c.obj
 .text._ntoa_format
                0x100058ec      0x1cc CMakeFiles/samwise-adcs.dir/C_/Users/pete/.pico-sdk/sdk/2.1.1/src/rp2_common/pico_printf/printf.c.obj
 .text._out_char
                0x10005ab8       0x10 CMakeFiles/samwise-adcs.dir/C_/Users/pete/.pico-sdk/sdk/2.1.1/src/rp2_common/pico_printf/printf.c.obj
 .text._out_fct
                0x10005ac8       0x10 CMakeFiles/samwise-adcs.dir/C_/Users/pete/.pico-sdk/sdk/2.1.1/src/rp2_common/pico_printf/printf.c.obj
 .text._ftoa    0x10005ad8      0x4a8 CMakeFiles/samwise-adcs.dir/C_/Users/pete/.pico-sdk/sdk/2.1.1/src/rp2_common/pico_printf/printf.c.obj
 .text._etoa    0x10005f80      0x57c CMakeFiles/samwise-adcs.dir/C_/Users/pete/.pico-sdk/sdk/2.1.1/src/rp2_common/pico_printf/printf.c.obj
 .text._vsnprintf
                0x100064fc      0xbe0 CMakeFiles/samwise-adcs.dir/C_/Users/pete/.pico-sdk/sdk/2.1.1/src/rp2_common/pico_printf/printf.c.obj
 .text.vfctprintf
                0x100070dc       0x24 CMakeFiles/samwise-adcs.dir/C_/Users/pete/.pico-sdk/sdk/2.1.1/src/rp2_common/pico_printf/printf.c.obj
                0x100070dc                vfctprintf
 .text.weak_raw_vprintf
                0x10007100       0x30 CMakeFiles/samwise-adcs.dir/C_/Users/pete/.pico-sdk/sdk/2.1.1/src/rp2_common/pico_printf/printf.c.obj
                0x10007100                weak_raw_vprintf
 .text._exit    0x10007130        0x4 CMakeFiles/samwise-adcs.dir/C_/Users/pete/.pico-sdk/sdk/2.1.1/src/rp2_common/pico_clib_interface/newlib_interface.c.obj
                0x10007130                _exit
 .text.exit     0x10007134        0x8 CMakeFiles/samwise-adcs.dir/C_/Users/pete/.pico-sdk/sdk/2.1.1/src/rp2_common/pico_clib_interface/newlib_interface.c.obj
                0x10007134                exit
 .text.runtime_init
                0x1000713c       0x2c CMakeFiles/samwise-adcs.dir/C_/Users/pete/.pico-sdk/sdk/2.1.1/src/rp2_common/pico_clib_interface/newlib_interface.c.obj
                0x1000713c                runtime_init
 .text.stdio_out_chars_no_crlf
                0x10007168       0x10 CMakeFiles/samwise-adcs.dir/C_/Users/pete/.pico-sdk/sdk/2.1.1/src/rp2_common/pico_stdio/stdio.c.obj
 .text.stdio_out_chars_crlf
                0x10007178       0xb0 CMakeFiles/samwise-adcs.dir/C_/Users/pete/.pico-sdk/sdk/2.1.1/src/rp2_common/pico_stdio/stdio.c.obj
 .text.stdio_buffered_printer
                0x10007228       0x64 CMakeFiles/samwise-adcs.dir/C_/Users/pete/.pico-sdk/sdk/2.1.1/src/rp2_common/pico_stdio/stdio.c.obj
 .text.stdio_put_string
                0x1000728c       0xfc CMakeFiles/samwise-adcs.dir/C_/Users/pete/.pico-sdk/sdk/2.1.1/src/rp2_common/pico_stdio/stdio.c.obj
                0x1000728c                stdio_put_string
 .text.stdio_set_driver_enabled
                0x10007388       0x30 CMakeFiles/samwise-adcs.dir/C_/Users/pete/.pico-sdk/sdk/2.1.1/src/rp2_common/pico_stdio/stdio.c.obj
                0x10007388                stdio_set_driver_enabled
 .text.stdio_init_all
                0x100073b8        0x8 CMakeFiles/samwise-adcs.dir/C_/Users/pete/.pico-sdk/sdk/2.1.1/src/rp2_common/pico_stdio/stdio.c.obj
                0x100073b8                stdio_init_all
 .text.__wrap_putchar
                0x100073c0       0x94 CMakeFiles/samwise-adcs.dir/C_/Users/pete/.pico-sdk/sdk/2.1.1/src/rp2_common/pico_stdio/stdio.c.obj
                0x100073c0                __wrap_putchar
                0x100073c0                stdio_putchar
 .text.__wrap_puts
                0x10007454       0x3c CMakeFiles/samwise-adcs.dir/C_/Users/pete/.pico-sdk/sdk/2.1.1/src/rp2_common/pico_stdio/stdio.c.obj
                0x10007454                stdio_puts
                0x10007454                __wrap_puts
 .text.__wrap_vprintf
                0x10007490       0xcc CMakeFiles/samwise-adcs.dir/C_/Users/pete/.pico-sdk/sdk/2.1.1/src/rp2_common/pico_stdio/stdio.c.obj
                0x10007490                stdio_vprintf
                0x10007490                __wrap_vprintf
 .text.__wrap_printf
                0x1000755c       0x18 CMakeFiles/samwise-adcs.dir/C_/Users/pete/.pico-sdk/sdk/2.1.1/src/rp2_common/pico_stdio/stdio.c.obj
                0x1000755c                __wrap_printf
                0x1000755c                stdio_printf
 .text.resetd_init
                0x10007574        0x4 CMakeFiles/samwise-adcs.dir/C_/Users/pete/.pico-sdk/sdk/2.1.1/src/rp2_common/pico_stdio_usb/reset_interface.c.obj
 .text.resetd_reset
                0x10007578        0xc CMakeFiles/samwise-adcs.dir/C_/Users/pete/.pico-sdk/sdk/2.1.1/src/rp2_common/pico_stdio_usb/reset_interface.c.obj
 .text.resetd_open
                0x10007584       0x28 CMakeFiles/samwise-adcs.dir/C_/Users/pete/.pico-sdk/sdk/2.1.1/src/rp2_common/pico_stdio_usb/reset_interface.c.obj
 .text.resetd_xfer_cb
                0x100075ac        0x4 CMakeFiles/samwise-adcs.dir/C_/Users/pete/.pico-sdk/sdk/2.1.1/src/rp2_common/pico_stdio_usb/reset_interface.c.obj
 .text.resetd_control_xfer_cb
                0x100075b0       0x54 CMakeFiles/samwise-adcs.dir/C_/Users/pete/.pico-sdk/sdk/2.1.1/src/rp2_common/pico_stdio_usb/reset_interface.c.obj
 .text.tud_descriptor_bos_cb
                0x10007604        0x8 CMakeFiles/samwise-adcs.dir/C_/Users/pete/.pico-sdk/sdk/2.1.1/src/rp2_common/pico_stdio_usb/reset_interface.c.obj
                0x10007604                tud_descriptor_bos_cb
 .text.tud_vendor_control_xfer_cb
                0x1000760c       0x34 CMakeFiles/samwise-adcs.dir/C_/Users/pete/.pico-sdk/sdk/2.1.1/src/rp2_common/pico_stdio_usb/reset_interface.c.obj
                0x1000760c                tud_vendor_control_xfer_cb
 .text.usbd_app_driver_get_cb
                0x10007640        0xc CMakeFiles/samwise-adcs.dir/C_/Users/pete/.pico-sdk/sdk/2.1.1/src/rp2_common/pico_stdio_usb/reset_interface.c.obj
                0x10007640                usbd_app_driver_get_cb
 .text.tud_cdc_line_coding_cb
                0x1000764c       0x2c CMakeFiles/samwise-adcs.dir/C_/Users/pete/.pico-sdk/sdk/2.1.1/src/rp2_common/pico_stdio_usb/reset_interface.c.obj
                0x1000764c                tud_cdc_line_coding_cb
 .text.stdio_usb_set_chars_available_callback
                0x10007678       0x14 CMakeFiles/samwise-adcs.dir/C_/Users/pete/.pico-sdk/sdk/2.1.1/src/rp2_common/pico_stdio_usb/stdio_usb.c.obj
                0x10007678                stdio_usb_set_chars_available_callback
 .text.usb_irq  0x1000768c       0x10 CMakeFiles/samwise-adcs.dir/C_/Users/pete/.pico-sdk/sdk/2.1.1/src/rp2_common/pico_stdio_usb/stdio_usb.c.obj
 .text.timer_task
                0x1000769c       0x64 CMakeFiles/samwise-adcs.dir/C_/Users/pete/.pico-sdk/sdk/2.1.1/src/rp2_common/pico_stdio_usb/stdio_usb.c.obj
 .text.stdio_usb_in_chars
                0x10007700       0x8c CMakeFiles/samwise-adcs.dir/C_/Users/pete/.pico-sdk/sdk/2.1.1/src/rp2_common/pico_stdio_usb/stdio_usb.c.obj
                0x10007700                stdio_usb_in_chars
 .text.stdio_usb_out_flush
                0x1000778c       0x4c CMakeFiles/samwise-adcs.dir/C_/Users/pete/.pico-sdk/sdk/2.1.1/src/rp2_common/pico_stdio_usb/stdio_usb.c.obj
 .text.stdio_usb_out_chars
                0x100077d8      0x100 CMakeFiles/samwise-adcs.dir/C_/Users/pete/.pico-sdk/sdk/2.1.1/src/rp2_common/pico_stdio_usb/stdio_usb.c.obj
 .text.low_priority_worker_irq
                0x100078d8       0xc8 CMakeFiles/samwise-adcs.dir/C_/Users/pete/.pico-sdk/sdk/2.1.1/src/rp2_common/pico_stdio_usb/stdio_usb.c.obj
 .text.stdio_usb_init
                0x100079a0       0xe8 CMakeFiles/samwise-adcs.dir/C_/Users/pete/.pico-sdk/sdk/2.1.1/src/rp2_common/pico_stdio_usb/stdio_usb.c.obj
                0x100079a0                stdio_usb_init
 .text.tud_descriptor_device_cb
                0x10007a88        0x8 CMakeFiles/samwise-adcs.dir/C_/Users/pete/.pico-sdk/sdk/2.1.1/src/rp2_common/pico_stdio_usb/stdio_usb_descriptors.c.obj
                0x10007a88                tud_descriptor_device_cb
 .text.tud_descriptor_configuration_cb
                0x10007a90        0x8 CMakeFiles/samwise-adcs.dir/C_/Users/pete/.pico-sdk/sdk/2.1.1/src/rp2_common/pico_stdio_usb/stdio_usb_descriptors.c.obj
                0x10007a90                tud_descriptor_configuration_cb
 .text.tud_descriptor_string_cb
                0x10007a98       0x78 CMakeFiles/samwise-adcs.dir/C_/Users/pete/.pico-sdk/sdk/2.1.1/src/rp2_common/pico_stdio_usb/stdio_usb_descriptors.c.obj
                0x10007a98                tud_descriptor_string_cb
 .text.startup._retrieve_unique_id_on_boot
                0x10007b10       0x10 CMakeFiles/samwise-adcs.dir/C_/Users/pete/.pico-sdk/sdk/2.1.1/src/rp2_common/pico_unique_id/unique_id.c.obj
 .text.pico_get_unique_board_id_string
                0x10007b20      0x1a8 CMakeFiles/samwise-adcs.dir/C_/Users/pete/.pico-sdk/sdk/2.1.1/src/rp2_common/pico_unique_id/unique_id.c.obj
                0x10007b20                pico_get_unique_board_id_string
 .text.flash_get_unique_id
                0x10007cc8       0x3c CMakeFiles/samwise-adcs.dir/C_/Users/pete/.pico-sdk/sdk/2.1.1/src/rp2_common/hardware_flash/flash.c.obj
                0x10007cc8                flash_get_unique_id
 .text.dcd_init
                0x10007d04       0x90 CMakeFiles/samwise-adcs.dir/C_/Users/pete/.pico-sdk/sdk/2.1.1/lib/tinyusb/src/portable/raspberrypi/rp2040/dcd_rp2040.c.obj
                0x10007d04                dcd_init
 .text.dcd_int_enable
                0x10007d94        0xc CMakeFiles/samwise-adcs.dir/C_/Users/pete/.pico-sdk/sdk/2.1.1/lib/tinyusb/src/portable/raspberrypi/rp2040/dcd_rp2040.c.obj
                0x10007d94                dcd_int_enable
 .text.dcd_set_address
                0x10007da0       0x14 CMakeFiles/samwise-adcs.dir/C_/Users/pete/.pico-sdk/sdk/2.1.1/lib/tinyusb/src/portable/raspberrypi/rp2040/dcd_rp2040.c.obj
                0x10007da0                dcd_set_address
 .text.dcd_sof_enable
                0x10007db4       0x1c CMakeFiles/samwise-adcs.dir/C_/Users/pete/.pico-sdk/sdk/2.1.1/lib/tinyusb/src/portable/raspberrypi/rp2040/dcd_rp2040.c.obj
                0x10007db4                dcd_sof_enable
 .text.dcd_edpt0_status_complete
                0x10007dd0       0x1c CMakeFiles/samwise-adcs.dir/C_/Users/pete/.pico-sdk/sdk/2.1.1/lib/tinyusb/src/portable/raspberrypi/rp2040/dcd_rp2040.c.obj
                0x10007dd0                dcd_edpt0_status_complete
 .text.dcd_edpt_open
                0x10007dec      0x114 CMakeFiles/samwise-adcs.dir/C_/Users/pete/.pico-sdk/sdk/2.1.1/lib/tinyusb/src/portable/raspberrypi/rp2040/dcd_rp2040.c.obj
                0x10007dec                dcd_edpt_open
 .text.dcd_edpt_close_all
                0x10007f00        0x8 CMakeFiles/samwise-adcs.dir/C_/Users/pete/.pico-sdk/sdk/2.1.1/lib/tinyusb/src/portable/raspberrypi/rp2040/dcd_rp2040.c.obj
                0x10007f00                dcd_edpt_close_all
 .text.dcd_edpt_xfer
                0x10007f08       0x24 CMakeFiles/samwise-adcs.dir/C_/Users/pete/.pico-sdk/sdk/2.1.1/lib/tinyusb/src/portable/raspberrypi/rp2040/dcd_rp2040.c.obj
                0x10007f08                dcd_edpt_xfer
 .text.dcd_edpt_stall
                0x10007f2c       0x3c CMakeFiles/samwise-adcs.dir/C_/Users/pete/.pico-sdk/sdk/2.1.1/lib/tinyusb/src/portable/raspberrypi/rp2040/dcd_rp2040.c.obj
                0x10007f2c                dcd_edpt_stall
 .text.dcd_edpt_clear_stall
                0x10007f68       0x30 CMakeFiles/samwise-adcs.dir/C_/Users/pete/.pico-sdk/sdk/2.1.1/lib/tinyusb/src/portable/raspberrypi/rp2040/dcd_rp2040.c.obj
                0x10007f68                dcd_edpt_clear_stall
 .text.rp2040_usb_init
                0x10007f98       0x40 CMakeFiles/samwise-adcs.dir/C_/Users/pete/.pico-sdk/sdk/2.1.1/lib/tinyusb/src/portable/raspberrypi/rp2040/rp2040_usb.c.obj
                0x10007f98                rp2040_usb_init
 .text.hw_endpoint_xfer_start
                0x10007fd8       0x40 CMakeFiles/samwise-adcs.dir/C_/Users/pete/.pico-sdk/sdk/2.1.1/lib/tinyusb/src/portable/raspberrypi/rp2040/rp2040_usb.c.obj
                0x10007fd8                hw_endpoint_xfer_start
 .text.tud_event_hook_cb
                0x10008018        0x4 CMakeFiles/samwise-adcs.dir/C_/Users/pete/.pico-sdk/sdk/2.1.1/lib/tinyusb/src/device/usbd.c.obj
                0x10008018                tud_event_hook_cb
 .text.tud_sof_cb
                0x1000801c        0x4 CMakeFiles/samwise-adcs.dir/C_/Users/pete/.pico-sdk/sdk/2.1.1/lib/tinyusb/src/device/usbd.c.obj
                0x1000801c                tud_sof_cb
 .text.tud_descriptor_device_qualifier_cb
                0x10008020        0x4 CMakeFiles/samwise-adcs.dir/C_/Users/pete/.pico-sdk/sdk/2.1.1/lib/tinyusb/src/device/usbd.c.obj
                0x10008020                tud_descriptor_device_qualifier_cb
 .text.tud_descriptor_other_speed_configuration_cb
                0x10008024        0x4 CMakeFiles/samwise-adcs.dir/C_/Users/pete/.pico-sdk/sdk/2.1.1/lib/tinyusb/src/device/usbd.c.obj
                0x10008024                tud_descriptor_other_speed_configuration_cb
 .text.tud_mount_cb
                0x10008028        0x4 CMakeFiles/samwise-adcs.dir/C_/Users/pete/.pico-sdk/sdk/2.1.1/lib/tinyusb/src/device/usbd.c.obj
                0x10008028                tud_mount_cb
 .text.tud_umount_cb
                0x1000802c        0x4 CMakeFiles/samwise-adcs.dir/C_/Users/pete/.pico-sdk/sdk/2.1.1/lib/tinyusb/src/device/usbd.c.obj
                0x1000802c                tud_umount_cb
 .text.tud_suspend_cb
                0x10008030        0x4 CMakeFiles/samwise-adcs.dir/C_/Users/pete/.pico-sdk/sdk/2.1.1/lib/tinyusb/src/device/usbd.c.obj
                0x10008030                tud_suspend_cb
 .text.tud_resume_cb
                0x10008034        0x4 CMakeFiles/samwise-adcs.dir/C_/Users/pete/.pico-sdk/sdk/2.1.1/lib/tinyusb/src/device/usbd.c.obj
                0x10008034                tud_resume_cb
 .text.tud_mounted
                0x10008038       0x10 CMakeFiles/samwise-adcs.dir/C_/Users/pete/.pico-sdk/sdk/2.1.1/lib/tinyusb/src/device/usbd.c.obj
                0x10008038                tud_mounted
 .text.tud_suspended
                0x10008048       0x10 CMakeFiles/samwise-adcs.dir/C_/Users/pete/.pico-sdk/sdk/2.1.1/lib/tinyusb/src/device/usbd.c.obj
                0x10008048                tud_suspended
 .text.tud_rhport_init
                0x10008058       0xf4 CMakeFiles/samwise-adcs.dir/C_/Users/pete/.pico-sdk/sdk/2.1.1/lib/tinyusb/src/device/usbd.c.obj
                0x10008058                tud_rhport_init
 .text.tud_task_ext
                0x1000814c      0x800 CMakeFiles/samwise-adcs.dir/C_/Users/pete/.pico-sdk/sdk/2.1.1/lib/tinyusb/src/device/usbd.c.obj
                0x1000814c                tud_task_ext
 .text.usbd_open_edpt_pair
                0x1000894c       0x9c CMakeFiles/samwise-adcs.dir/C_/Users/pete/.pico-sdk/sdk/2.1.1/lib/tinyusb/src/device/usbd.c.obj
                0x1000894c                usbd_open_edpt_pair
 .text.usbd_edpt_open
                0x100089e8       0x34 CMakeFiles/samwise-adcs.dir/C_/Users/pete/.pico-sdk/sdk/2.1.1/lib/tinyusb/src/device/usbd.c.obj
                0x100089e8                usbd_edpt_open
 .text.usbd_edpt_claim
                0x10008a1c       0x28 CMakeFiles/samwise-adcs.dir/C_/Users/pete/.pico-sdk/sdk/2.1.1/lib/tinyusb/src/device/usbd.c.obj
                0x10008a1c                usbd_edpt_claim
 .text.usbd_edpt_release
                0x10008a44       0x28 CMakeFiles/samwise-adcs.dir/C_/Users/pete/.pico-sdk/sdk/2.1.1/lib/tinyusb/src/device/usbd.c.obj
                0x10008a44                usbd_edpt_release
 .text.usbd_edpt_xfer
                0x10008a6c       0x4c CMakeFiles/samwise-adcs.dir/C_/Users/pete/.pico-sdk/sdk/2.1.1/lib/tinyusb/src/device/usbd.c.obj
                0x10008a6c                usbd_edpt_xfer
 .text.tud_control_status
                0x10008ab8       0x2c CMakeFiles/samwise-adcs.dir/C_/Users/pete/.pico-sdk/sdk/2.1.1/lib/tinyusb/src/device/usbd_control.c.obj
                0x10008ab8                tud_control_status
 .text.tud_control_xfer
                0x10008ae4       0xa8 CMakeFiles/samwise-adcs.dir/C_/Users/pete/.pico-sdk/sdk/2.1.1/lib/tinyusb/src/device/usbd_control.c.obj
                0x10008ae4                tud_control_xfer
 .text.usbd_control_reset
                0x10008b8c       0x14 CMakeFiles/samwise-adcs.dir/C_/Users/pete/.pico-sdk/sdk/2.1.1/lib/tinyusb/src/device/usbd_control.c.obj
                0x10008b8c                usbd_control_reset
 .text.usbd_control_set_complete_callback
                0x10008ba0        0xc CMakeFiles/samwise-adcs.dir/C_/Users/pete/.pico-sdk/sdk/2.1.1/lib/tinyusb/src/device/usbd_control.c.obj
                0x10008ba0                usbd_control_set_complete_callback
 .text.usbd_control_set_request
                0x10008bac       0x1c CMakeFiles/samwise-adcs.dir/C_/Users/pete/.pico-sdk/sdk/2.1.1/lib/tinyusb/src/device/usbd_control.c.obj
                0x10008bac                usbd_control_set_request
 .text.usbd_control_xfer_cb
                0x10008bc8       0xec CMakeFiles/samwise-adcs.dir/C_/Users/pete/.pico-sdk/sdk/2.1.1/lib/tinyusb/src/device/usbd_control.c.obj
                0x10008bc8                usbd_control_xfer_cb
 .text._prep_out_transaction.isra.0
                0x10008cb4       0x6c CMakeFiles/samwise-adcs.dir/C_/Users/pete/.pico-sdk/sdk/2.1.1/lib/tinyusb/src/class/cdc/cdc_device.c.obj
 .text.tud_cdc_n_connected
                0x10008d20       0x2c CMakeFiles/samwise-adcs.dir/C_/Users/pete/.pico-sdk/sdk/2.1.1/lib/tinyusb/src/class/cdc/cdc_device.c.obj
                0x10008d20                tud_cdc_n_connected
 .text.tud_cdc_n_available
                0x10008d4c       0x14 CMakeFiles/samwise-adcs.dir/C_/Users/pete/.pico-sdk/sdk/2.1.1/lib/tinyusb/src/class/cdc/cdc_device.c.obj
                0x10008d4c                tud_cdc_n_available
 .text.tud_cdc_n_read
                0x10008d60       0x88 CMakeFiles/samwise-adcs.dir/C_/Users/pete/.pico-sdk/sdk/2.1.1/lib/tinyusb/src/class/cdc/cdc_device.c.obj
                0x10008d60                tud_cdc_n_read
 .text.tud_cdc_n_write_flush
                0x10008de8       0x74 CMakeFiles/samwise-adcs.dir/C_/Users/pete/.pico-sdk/sdk/2.1.1/lib/tinyusb/src/class/cdc/cdc_device.c.obj
                0x10008de8                tud_cdc_n_write_flush
 .text.tud_cdc_n_write
                0x10008e5c       0x40 CMakeFiles/samwise-adcs.dir/C_/Users/pete/.pico-sdk/sdk/2.1.1/lib/tinyusb/src/class/cdc/cdc_device.c.obj
                0x10008e5c                tud_cdc_n_write
 .text.tud_cdc_n_write_available
                0x10008e9c       0x14 CMakeFiles/samwise-adcs.dir/C_/Users/pete/.pico-sdk/sdk/2.1.1/lib/tinyusb/src/class/cdc/cdc_device.c.obj
                0x10008e9c                tud_cdc_n_write_available
 .text.cdcd_init
                0x10008eb0       0x70 CMakeFiles/samwise-adcs.dir/C_/Users/pete/.pico-sdk/sdk/2.1.1/lib/tinyusb/src/class/cdc/cdc_device.c.obj
                0x10008eb0                cdcd_init
 .text.cdcd_deinit
                0x10008f20       0x30 CMakeFiles/samwise-adcs.dir/C_/Users/pete/.pico-sdk/sdk/2.1.1/lib/tinyusb/src/class/cdc/cdc_device.c.obj
                0x10008f20                cdcd_deinit
 .text.cdcd_reset
                0x10008f50       0x4c CMakeFiles/samwise-adcs.dir/C_/Users/pete/.pico-sdk/sdk/2.1.1/lib/tinyusb/src/class/cdc/cdc_device.c.obj
                0x10008f50                cdcd_reset
 .text.cdcd_open
                0x10008f9c       0xa4 CMakeFiles/samwise-adcs.dir/C_/Users/pete/.pico-sdk/sdk/2.1.1/lib/tinyusb/src/class/cdc/cdc_device.c.obj
                0x10008f9c                cdcd_open
 .text.cdcd_control_xfer_cb
                0x10009040       0xe8 CMakeFiles/samwise-adcs.dir/C_/Users/pete/.pico-sdk/sdk/2.1.1/lib/tinyusb/src/class/cdc/cdc_device.c.obj
                0x10009040                cdcd_control_xfer_cb
 .text.cdcd_xfer_cb
                0x10009128      0x100 CMakeFiles/samwise-adcs.dir/C_/Users/pete/.pico-sdk/sdk/2.1.1/lib/tinyusb/src/class/cdc/cdc_device.c.obj
                0x10009128                cdcd_xfer_cb
 .text.vendord_init
                0x10009228       0x5c CMakeFiles/samwise-adcs.dir/C_/Users/pete/.pico-sdk/sdk/2.1.1/lib/tinyusb/src/class/vendor/vendor_device.c.obj
                0x10009228                vendord_init
 .text.vendord_deinit
                0x10009284       0x1c CMakeFiles/samwise-adcs.dir/C_/Users/pete/.pico-sdk/sdk/2.1.1/lib/tinyusb/src/class/vendor/vendor_device.c.obj
                0x10009284                vendord_deinit
 .text.vendord_reset
                0x100092a0       0x28 CMakeFiles/samwise-adcs.dir/C_/Users/pete/.pico-sdk/sdk/2.1.1/lib/tinyusb/src/class/vendor/vendor_device.c.obj
                0x100092a0                vendord_reset
 .text.vendord_open
                0x100092c8      0x120 CMakeFiles/samwise-adcs.dir/C_/Users/pete/.pico-sdk/sdk/2.1.1/lib/tinyusb/src/class/vendor/vendor_device.c.obj
                0x100092c8                vendord_open
 .text.vendord_xfer_cb
                0x100093e8       0x9c CMakeFiles/samwise-adcs.dir/C_/Users/pete/.pico-sdk/sdk/2.1.1/lib/tinyusb/src/class/vendor/vendor_device.c.obj
                0x100093e8                vendord_xfer_cb
 .text.tusb_rhport_init
                0x10009484       0x4c CMakeFiles/samwise-adcs.dir/C_/Users/pete/.pico-sdk/sdk/2.1.1/lib/tinyusb/src/tusb.c.obj
                0x10009484                tusb_rhport_init
 .text.tu_edpt_claim
                0x100094d0       0x50 CMakeFiles/samwise-adcs.dir/C_/Users/pete/.pico-sdk/sdk/2.1.1/lib/tinyusb/src/tusb.c.obj
                0x100094d0                tu_edpt_claim
 .text.tu_edpt_release
                0x10009520       0x38 CMakeFiles/samwise-adcs.dir/C_/Users/pete/.pico-sdk/sdk/2.1.1/lib/tinyusb/src/tusb.c.obj
                0x10009520                tu_edpt_release
 .text.tu_edpt_validate
                0x10009558       0x7c CMakeFiles/samwise-adcs.dir/C_/Users/pete/.pico-sdk/sdk/2.1.1/lib/tinyusb/src/tusb.c.obj
                0x10009558                tu_edpt_validate
 .text.tu_edpt_bind_driver
                0x100095d4       0x34 CMakeFiles/samwise-adcs.dir/C_/Users/pete/.pico-sdk/sdk/2.1.1/lib/tinyusb/src/tusb.c.obj
                0x100095d4                tu_edpt_bind_driver
 .text.tu_edpt_stream_init
                0x10009608       0x6c CMakeFiles/samwise-adcs.dir/C_/Users/pete/.pico-sdk/sdk/2.1.1/lib/tinyusb/src/tusb.c.obj
                0x10009608                tu_edpt_stream_init
 .text.tu_edpt_stream_deinit
                0x10009674        0x4 CMakeFiles/samwise-adcs.dir/C_/Users/pete/.pico-sdk/sdk/2.1.1/lib/tinyusb/src/tusb.c.obj
                0x10009674                tu_edpt_stream_deinit
 .text.tu_edpt_stream_write_zlp_if_needed
                0x10009678       0x68 CMakeFiles/samwise-adcs.dir/C_/Users/pete/.pico-sdk/sdk/2.1.1/lib/tinyusb/src/tusb.c.obj
                0x10009678                tu_edpt_stream_write_zlp_if_needed
 .text.tu_edpt_stream_write_xfer
                0x100096e0       0x68 CMakeFiles/samwise-adcs.dir/C_/Users/pete/.pico-sdk/sdk/2.1.1/lib/tinyusb/src/tusb.c.obj
                0x100096e0                tu_edpt_stream_write_xfer
 .text.tu_edpt_stream_read_xfer
                0x10009748       0xd8 CMakeFiles/samwise-adcs.dir/C_/Users/pete/.pico-sdk/sdk/2.1.1/lib/tinyusb/src/tusb.c.obj
                0x10009748                tu_edpt_stream_read_xfer
 .text.tu_fifo_config
                0x10009820       0x6c CMakeFiles/samwise-adcs.dir/C_/Users/pete/.pico-sdk/sdk/2.1.1/lib/tinyusb/src/common/tusb_fifo.c.obj
                0x10009820                tu_fifo_config
 .text.tu_fifo_count
                0x1000988c       0x2c CMakeFiles/samwise-adcs.dir/C_/Users/pete/.pico-sdk/sdk/2.1.1/lib/tinyusb/src/common/tusb_fifo.c.obj
                0x1000988c                tu_fifo_count
 .text.tu_fifo_empty
                0x100098b8       0x10 CMakeFiles/samwise-adcs.dir/C_/Users/pete/.pico-sdk/sdk/2.1.1/lib/tinyusb/src/common/tusb_fifo.c.obj
                0x100098b8                tu_fifo_empty
 .text.tu_fifo_remaining
                0x100098c8       0x2c CMakeFiles/samwise-adcs.dir/C_/Users/pete/.pico-sdk/sdk/2.1.1/lib/tinyusb/src/common/tusb_fifo.c.obj
                0x100098c8                tu_fifo_remaining
 .text.tu_fifo_read
                0x100098f4       0x9c CMakeFiles/samwise-adcs.dir/C_/Users/pete/.pico-sdk/sdk/2.1.1/lib/tinyusb/src/common/tusb_fifo.c.obj
                0x100098f4                tu_fifo_read
 .text.tu_fifo_read_n
                0x10009990       0xe8 CMakeFiles/samwise-adcs.dir/C_/Users/pete/.pico-sdk/sdk/2.1.1/lib/tinyusb/src/common/tusb_fifo.c.obj
                0x10009990                tu_fifo_read_n
 .text.tu_fifo_write
                0x10009a78       0xa4 CMakeFiles/samwise-adcs.dir/C_/Users/pete/.pico-sdk/sdk/2.1.1/lib/tinyusb/src/common/tusb_fifo.c.obj
                0x10009a78                tu_fifo_write
 .text.tu_fifo_write_n
                0x10009b1c      0x178 CMakeFiles/samwise-adcs.dir/C_/Users/pete/.pico-sdk/sdk/2.1.1/lib/tinyusb/src/common/tusb_fifo.c.obj
                0x10009b1c                tu_fifo_write_n
 .text.tu_fifo_clear
                0x10009c94       0x40 CMakeFiles/samwise-adcs.dir/C_/Users/pete/.pico-sdk/sdk/2.1.1/lib/tinyusb/src/common/tusb_fifo.c.obj
                0x10009c94                tu_fifo_clear
 .text.tu_fifo_set_overwritable
                0x10009cd4       0x48 CMakeFiles/samwise-adcs.dir/C_/Users/pete/.pico-sdk/sdk/2.1.1/lib/tinyusb/src/common/tusb_fifo.c.obj
                0x10009cd4                tu_fifo_set_overwritable
 .text.strlen   0x10009d1c       0x5c C:/Users/pete/.pico-sdk/toolchain/14_2_Rel1/bin/../lib/gcc/arm-none-eabi/14.2.1/thumb/v6-m/nofp\libg.a(libc_a-strlen-stub.o)
                0x10009d1c                strlen
 *(.fini)
 .fini          0x10009d78        0x4 C:/Users/pete/.pico-sdk/toolchain/14_2_Rel1/bin/../lib/gcc/arm-none-eabi/14.2.1/thumb/v6-m/nofp/crti.o
                0x10009d78                _fini
 *fill*         0x10009d7c        0x4 
 .fini.__stub   0x10009d80       0xc0 linker stubs
 *crtbegin.o(.ctors)
 *crtbegin?.o(.ctors)
 *(EXCLUDE_FILE(*crtend.o *crtend?.o) .ctors)
 *(SORT_BY_NAME(.ctors.*))
 *(.ctors)
 *crtbegin.o(.dtors)
 *crtbegin?.o(.dtors)
 *(EXCLUDE_FILE(*crtend.o *crtend?.o) .dtors)
 *(SORT_BY_NAME(.dtors.*))
 *(.dtors)
                0x10009e40                        . = ALIGN (0x4)
                0x10009e40                        PROVIDE (__preinit_array_start = .)
 *(SORT_BY_NAME(.preinit_array.*))
 .preinit_array.00100
                0x10009e40        0x4 CMakeFiles/samwise-adcs.dir/C_/Users/pete/.pico-sdk/sdk/2.1.1/src/rp2_common/pico_runtime_init/runtime_init.c.obj
                0x10009e40                __pre_init_runtime_init_early_resets
 .preinit_array.00101
                0x10009e44        0x4 CMakeFiles/samwise-adcs.dir/C_/Users/pete/.pico-sdk/sdk/2.1.1/src/rp2_common/pico_runtime_init/runtime_init.c.obj
                0x10009e44                __pre_init_runtime_init_usb_power_down
 .preinit_array.00275
                0x10009e48        0x4 CMakeFiles/samwise-adcs.dir/C_/Users/pete/.pico-sdk/sdk/2.1.1/src/rp2_common/pico_bit_ops/bit_ops_aeabi.S.obj
 .preinit_array.00300
                0x10009e4c        0x4 CMakeFiles/samwise-adcs.dir/C_/Users/pete/.pico-sdk/sdk/2.1.1/src/rp2_common/pico_mem_ops/mem_ops_aeabi.S.obj
 .preinit_array.00350
                0x10009e50        0x4 CMakeFiles/samwise-adcs.dir/C_/Users/pete/.pico-sdk/sdk/2.1.1/src/rp2_common/pico_double/double_aeabi_rp2040.S.obj
 .preinit_array.00350
                0x10009e54        0x4 CMakeFiles/samwise-adcs.dir/C_/Users/pete/.pico-sdk/sdk/2.1.1/src/rp2_common/pico_float/float_aeabi_rp2040.S.obj
 .preinit_array.00500
                0x10009e58        0x4 CMakeFiles/samwise-adcs.dir/C_/Users/pete/.pico-sdk/sdk/2.1.1/src/rp2_common/pico_runtime_init/runtime_init.c.obj
                0x10009e58                __pre_init_runtime_init_clocks
 .preinit_array.00600
                0x10009e5c        0x4 CMakeFiles/samwise-adcs.dir/C_/Users/pete/.pico-sdk/sdk/2.1.1/src/rp2_common/pico_runtime_init/runtime_init.c.obj
                0x10009e5c                __pre_init_runtime_init_post_clock_resets
 .preinit_array.00700
                0x10009e60        0x4 CMakeFiles/samwise-adcs.dir/C_/Users/pete/.pico-sdk/sdk/2.1.1/src/rp2_common/pico_runtime_init/runtime_init.c.obj
                0x10009e60                __pre_init_runtime_init_rp2040_gpio_ie_disable
 .preinit_array.01000
                0x10009e64        0x4 CMakeFiles/samwise-adcs.dir/C_/Users/pete/.pico-sdk/sdk/2.1.1/src/rp2_common/pico_runtime_init/runtime_init.c.obj
                0x10009e64                __pre_init_runtime_init_spin_locks_reset
 .preinit_array.01100
                0x10009e68        0x4 CMakeFiles/samwise-adcs.dir/C_/Users/pete/.pico-sdk/sdk/2.1.1/src/common/pico_sync/mutex.c.obj
                0x10009e68                __pre_init_runtime_init_mutex
 .preinit_array.10080
                0x10009e6c        0x4 CMakeFiles/samwise-adcs.dir/C_/Users/pete/.pico-sdk/sdk/2.1.1/src/rp2_common/pico_runtime_init/runtime_init.c.obj
                0x10009e6c                __pre_init_runtime_init_install_ram_vector_table
 .preinit_array.11000
                0x10009e70        0x4 CMakeFiles/samwise-adcs.dir/C_/Users/pete/.pico-sdk/sdk/2.1.1/src/common/pico_time/time.c.obj
                0x10009e70                __pre_init_runtime_init_default_alarm_pool
 .preinit_array.YYYYY
                0x10009e74        0x4 CMakeFiles/samwise-adcs.dir/C_/Users/pete/.pico-sdk/sdk/2.1.1/src/rp2_common/pico_runtime/runtime.c.obj
                0x10009e74                __pre_init_first_per_core_initializer
 .preinit_array.ZZZZZ.01200
                0x10009e78        0x4 CMakeFiles/samwise-adcs.dir/C_/Users/pete/.pico-sdk/sdk/2.1.1/src/rp2_common/hardware_irq/irq.c.obj
                0x10009e78                __pre_init_runtime_init_per_core_irq_priorities
 *(.preinit_array)
                0x10009e7c                        PROVIDE (__preinit_array_end = .)
                0x10009e7c                        . = ALIGN (0x4)
                0x10009e7c                        PROVIDE (__init_array_start = .)
 *(SORT_BY_NAME(.init_array.*))
 *(.init_array)
 .init_array    0x10009e7c        0x4 C:/Users/pete/.pico-sdk/toolchain/14_2_Rel1/bin/../lib/gcc/arm-none-eabi/14.2.1/thumb/v6-m/nofp/crtbegin.o
 .init_array    0x10009e80        0x4 CMakeFiles/samwise-adcs.dir/src/main.cpp.obj
 .init_array    0x10009e84        0x4 CMakeFiles/samwise-adcs.dir/C_/Users/pete/.pico-sdk/sdk/2.1.1/src/rp2_common/pico_unique_id/unique_id.c.obj
                0x10009e88                        PROVIDE (__init_array_end = .)
                0x10009e88                        . = ALIGN (0x4)
                [!provide]                        PROVIDE (__fini_array_start = .)
 *(SORT_BY_NAME(.fini_array.*))
 *(.fini_array)
                [!provide]                        PROVIDE (__fini_array_end = .)
 *(.eh_frame*)
 .eh_frame      0x10009e88        0x0 C:/Users/pete/.pico-sdk/toolchain/14_2_Rel1/bin/../lib/gcc/arm-none-eabi/14.2.1/thumb/v6-m/nofp/crtbegin.o
                0x10009e88                        . = ALIGN (0x4)

.glue_7         0x10009e88        0x0
 .glue_7        0x10009e88        0x0 linker stubs

.glue_7t        0x10009e88        0x0
 .glue_7t       0x10009e88        0x0 linker stubs

.vfp11_veneer   0x10009e88        0x0
 .vfp11_veneer  0x10009e88        0x0 linker stubs

.v4_bx          0x10009e88        0x0
 .v4_bx         0x10009e88        0x0 linker stubs

.iplt           0x10009e88        0x0
 .iplt          0x10009e88        0x0 C:/Users/pete/.pico-sdk/toolchain/14_2_Rel1/bin/../lib/gcc/arm-none-eabi/14.2.1/thumb/v6-m/nofp/crtbegin.o

.rodata         0x10009e88     0x39ec
 *(EXCLUDE_FILE(*libm.a: *libc.a:*lib_a-mem*.o *libgcc.a:) .rodata*)
 .rodata._Z4initP18samwise_adcs_slate.str1.4
                0x10009e88     0x1448 CMakeFiles/samwise-adcs.dir/src/init.cpp.obj
                                 0x19 (size before relaxing)
 .rodata.main.str1.4
                0x1000b2d0       0x4d CMakeFiles/samwise-adcs.dir/src/main.cpp.obj
 .rodata._ZL29bmi2_error_codes_print_resulta.str1.4
                0x1000b2d0      0xf22 CMakeFiles/samwise-adcs.dir/src/drivers/imu.cpp.obj
 .rodata._ZL29bmi2_error_codes_print_resulta
                0x1000b2d0       0x94 CMakeFiles/samwise-adcs.dir/src/drivers/imu.cpp.obj
 .rodata._Z13bmi2_i2c_readhPhmPv.str1.4
                0x1000b364       0x44 CMakeFiles/samwise-adcs.dir/src/drivers/imu.cpp.obj
 .rodata._Z14bmi2_i2c_writehPKhmPv.str1.4
                0x1000b364       0x2c CMakeFiles/samwise-adcs.dir/src/drivers/imu.cpp.obj
 .rodata._Z8imu_initP18samwise_adcs_slate.str1.4
                0x1000b364      0x10e CMakeFiles/samwise-adcs.dir/src/drivers/imu.cpp.obj
 .rodata._Z16imu_get_rotationP18samwise_adcs_slate.str1.4
                0x1000b364       0x9f CMakeFiles/samwise-adcs.dir/src/drivers/imu.cpp.obj
 .rodata.bmi2_get_regs.constprop.0.str1.4
                0x1000b364       0x43 CMakeFiles/samwise-adcs.dir/src/drivers/external/bmi2.c.obj
 .rodata.bmi2_sec_init.str1.4
                0x1000b364       0x87 CMakeFiles/samwise-adcs.dir/src/drivers/external/bmi2.c.obj
 .rodata.bmi270_legacy_init.str1.4
                0x1000b364       0x50 CMakeFiles/samwise-adcs.dir/src/drivers/external/bmi270_legacy.c.obj
 .rodata.bmi270_legacy_feat_out
                0x1000b364       0x18 CMakeFiles/samwise-adcs.dir/src/drivers/external/bmi270_legacy.c.obj
                0x1000b364                bmi270_legacy_feat_out
 .rodata.bmi270_legacy_feat_in
                0x1000b37c       0x45 CMakeFiles/samwise-adcs.dir/src/drivers/external/bmi270_legacy.c.obj
                0x1000b37c                bmi270_legacy_feat_in
 *fill*         0x1000b3c1        0x3 
 .rodata.bmi270_legacy_config_file
                0x1000b3c4     0x2000 CMakeFiles/samwise-adcs.dir/src/drivers/external/bmi270_legacy.c.obj
                0x1000b3c4                bmi270_legacy_config_file
 .rodata.panic.str1.4
                0x1000d3c4       0x12 CMakeFiles/samwise-adcs.dir/C_/Users/pete/.pico-sdk/sdk/2.1.1/src/rp2_common/pico_platform_panic/panic.c.obj
 .rodata.spin_lock_claim_unused.str1.4
                0x1000d3c4       0x1b CMakeFiles/samwise-adcs.dir/C_/Users/pete/.pico-sdk/sdk/2.1.1/src/rp2_common/hardware_sync/sync.c.obj
 .rodata.timer_hardware_alarm_claim.str1.4
                0x1000d3c4       0x22 CMakeFiles/samwise-adcs.dir/C_/Users/pete/.pico-sdk/sdk/2.1.1/src/rp2_common/hardware_timer/timer.c.obj
 .rodata.user_irq_claim_unused.str1.4
                0x1000d3c4       0x1b CMakeFiles/samwise-adcs.dir/C_/Users/pete/.pico-sdk/sdk/2.1.1/src/rp2_common/hardware_irq/irq.c.obj
 .rodata.hard_assertion_failure.str1.4
                0x1000d3c4        0xc CMakeFiles/samwise-adcs.dir/C_/Users/pete/.pico-sdk/sdk/2.1.1/src/rp2_common/pico_runtime/runtime.c.obj
 .rodata.str1.4
                0x1000d3c4       0x48 CMakeFiles/samwise-adcs.dir/C_/Users/pete/.pico-sdk/sdk/2.1.1/src/rp2_common/pico_standard_binary_info/standard_binary_info.c.obj
 .rodata.__bi_84
                0x1000d3c4        0xc CMakeFiles/samwise-adcs.dir/C_/Users/pete/.pico-sdk/sdk/2.1.1/src/rp2_common/pico_standard_binary_info/standard_binary_info.c.obj
 .rodata.__bi_78
                0x1000d3d0        0xc CMakeFiles/samwise-adcs.dir/C_/Users/pete/.pico-sdk/sdk/2.1.1/src/rp2_common/pico_standard_binary_info/standard_binary_info.c.obj
 .rodata.__bi_60
                0x1000d3dc        0xc CMakeFiles/samwise-adcs.dir/C_/Users/pete/.pico-sdk/sdk/2.1.1/src/rp2_common/pico_standard_binary_info/standard_binary_info.c.obj
 .rodata.__bi_54
                0x1000d3e8        0xc CMakeFiles/samwise-adcs.dir/C_/Users/pete/.pico-sdk/sdk/2.1.1/src/rp2_common/pico_standard_binary_info/standard_binary_info.c.obj
 .rodata.__bi_48
                0x1000d3f4        0xc CMakeFiles/samwise-adcs.dir/C_/Users/pete/.pico-sdk/sdk/2.1.1/src/rp2_common/pico_standard_binary_info/standard_binary_info.c.obj
 .rodata.__bi_42
                0x1000d400        0xc CMakeFiles/samwise-adcs.dir/C_/Users/pete/.pico-sdk/sdk/2.1.1/src/rp2_common/pico_standard_binary_info/standard_binary_info.c.obj
 .rodata.__bi_34
                0x1000d40c        0xc CMakeFiles/samwise-adcs.dir/C_/Users/pete/.pico-sdk/sdk/2.1.1/src/rp2_common/pico_standard_binary_info/standard_binary_info.c.obj
 .rodata.__bi_26
                0x1000d418        0xc CMakeFiles/samwise-adcs.dir/C_/Users/pete/.pico-sdk/sdk/2.1.1/src/rp2_common/pico_standard_binary_info/standard_binary_info.c.obj
 .rodata._ftoa.str1.4
                0x1000d424       0x15 CMakeFiles/samwise-adcs.dir/C_/Users/pete/.pico-sdk/sdk/2.1.1/src/rp2_common/pico_printf/printf.c.obj
 .rodata._vsnprintf
                0x1000d424      0x19c CMakeFiles/samwise-adcs.dir/C_/Users/pete/.pico-sdk/sdk/2.1.1/src/rp2_common/pico_printf/printf.c.obj
 .rodata.pow10.0
                0x1000d5c0       0x50 CMakeFiles/samwise-adcs.dir/C_/Users/pete/.pico-sdk/sdk/2.1.1/src/rp2_common/pico_printf/printf.c.obj
 .rodata.crlf_str.0
                0x1000d610        0x2 CMakeFiles/samwise-adcs.dir/C_/Users/pete/.pico-sdk/sdk/2.1.1/src/rp2_common/pico_stdio/stdio.c.obj
 *fill*         0x1000d612        0x2 
 .rodata._resetd_driver
                0x1000d614       0x20 CMakeFiles/samwise-adcs.dir/C_/Users/pete/.pico-sdk/sdk/2.1.1/src/rp2_common/pico_stdio_usb/reset_interface.c.obj
 .rodata.desc_ms_os_20
                0x1000d634       0xa6 CMakeFiles/samwise-adcs.dir/C_/Users/pete/.pico-sdk/sdk/2.1.1/src/rp2_common/pico_stdio_usb/reset_interface.c.obj
 *fill*         0x1000d6da        0x2 
 .rodata.desc_bos
                0x1000d6dc       0x21 CMakeFiles/samwise-adcs.dir/C_/Users/pete/.pico-sdk/sdk/2.1.1/src/rp2_common/pico_stdio_usb/reset_interface.c.obj
                0x1000d6dc                desc_bos
 .rodata.str1.4
                0x1000d6fd       0x13 CMakeFiles/samwise-adcs.dir/C_/Users/pete/.pico-sdk/sdk/2.1.1/src/rp2_common/pico_stdio_usb/stdio_usb.c.obj
 *fill*         0x1000d6fd        0x3 
 .rodata.__bi_197.0
                0x1000d700        0xc CMakeFiles/samwise-adcs.dir/C_/Users/pete/.pico-sdk/sdk/2.1.1/src/rp2_common/pico_stdio_usb/stdio_usb.c.obj
 .rodata.str1.4
                0x1000d70c       0x2a CMakeFiles/samwise-adcs.dir/C_/Users/pete/.pico-sdk/sdk/2.1.1/src/rp2_common/pico_stdio_usb/stdio_usb_descriptors.c.obj
 .rodata.usbd_desc_str
                0x1000d70c       0x18 CMakeFiles/samwise-adcs.dir/C_/Users/pete/.pico-sdk/sdk/2.1.1/src/rp2_common/pico_stdio_usb/stdio_usb_descriptors.c.obj
 .rodata.usbd_desc_cfg
                0x1000d724       0x54 CMakeFiles/samwise-adcs.dir/C_/Users/pete/.pico-sdk/sdk/2.1.1/src/rp2_common/pico_stdio_usb/stdio_usb_descriptors.c.obj
 .rodata.usbd_desc_device
                0x1000d778       0x12 CMakeFiles/samwise-adcs.dir/C_/Users/pete/.pico-sdk/sdk/2.1.1/src/rp2_common/pico_stdio_usb/stdio_usb_descriptors.c.obj
 .rodata.str1.4
                0x1000d78a       0x14 CMakeFiles/samwise-adcs.dir/C_/Users/pete/.pico-sdk/sdk/2.1.1/lib/tinyusb/src/portable/raspberrypi/rp2040/dcd_rp2040.c.obj
 .rodata.str1.4
                0x1000d78a       0x48 CMakeFiles/samwise-adcs.dir/C_/Users/pete/.pico-sdk/sdk/2.1.1/lib/tinyusb/src/portable/raspberrypi/rp2040/rp2040_usb.c.obj
 *fill*         0x1000d78a        0x2 
 .rodata.tud_task_ext
                0x1000d78c       0x8c CMakeFiles/samwise-adcs.dir/C_/Users/pete/.pico-sdk/sdk/2.1.1/lib/tinyusb/src/device/usbd.c.obj
 .rodata        0x1000d818       0x1c CMakeFiles/samwise-adcs.dir/C_/Users/pete/.pico-sdk/sdk/2.1.1/lib/tinyusb/src/device/usbd.c.obj
 .rodata._usbd_driver
                0x1000d834       0x40 CMakeFiles/samwise-adcs.dir/C_/Users/pete/.pico-sdk/sdk/2.1.1/lib/tinyusb/src/device/usbd.c.obj
                0x1000d874                        . = ALIGN (0x4)
 *(SORT_BY_ALIGNMENT(SORT_BY_NAME(.flashdata*)))
                0x1000d874                        . = ALIGN (0x4)

.ARM.extab
 *(.ARM.extab* .gnu.linkonce.armextab.*)
                0x1000d874                        __exidx_start = .

.ARM.exidx
 *(.ARM.exidx* .gnu.linkonce.armexidx.*)
                0x1000d874                        __exidx_end = .
                0x1000d874                        . = ALIGN (0x4)
                0x1000d874                        __binary_info_start = .

.binary_info    0x1000d874       0x24
 *(.binary_info.keep.*)
 .binary_info.keep.__bi_ptr84
                0x1000d874        0x4 CMakeFiles/samwise-adcs.dir/C_/Users/pete/.pico-sdk/sdk/2.1.1/src/rp2_common/pico_standard_binary_info/standard_binary_info.c.obj
 .binary_info.keep.__bi_ptr78
                0x1000d878        0x4 CMakeFiles/samwise-adcs.dir/C_/Users/pete/.pico-sdk/sdk/2.1.1/src/rp2_common/pico_standard_binary_info/standard_binary_info.c.obj
 .binary_info.keep.__bi_ptr60
                0x1000d87c        0x4 CMakeFiles/samwise-adcs.dir/C_/Users/pete/.pico-sdk/sdk/2.1.1/src/rp2_common/pico_standard_binary_info/standard_binary_info.c.obj
 .binary_info.keep.__bi_ptr54
                0x1000d880        0x4 CMakeFiles/samwise-adcs.dir/C_/Users/pete/.pico-sdk/sdk/2.1.1/src/rp2_common/pico_standard_binary_info/standard_binary_info.c.obj
 .binary_info.keep.__bi_ptr48
                0x1000d884        0x4 CMakeFiles/samwise-adcs.dir/C_/Users/pete/.pico-sdk/sdk/2.1.1/src/rp2_common/pico_standard_binary_info/standard_binary_info.c.obj
 .binary_info.keep.__bi_ptr42
                0x1000d888        0x4 CMakeFiles/samwise-adcs.dir/C_/Users/pete/.pico-sdk/sdk/2.1.1/src/rp2_common/pico_standard_binary_info/standard_binary_info.c.obj
 .binary_info.keep.__bi_ptr34
                0x1000d88c        0x4 CMakeFiles/samwise-adcs.dir/C_/Users/pete/.pico-sdk/sdk/2.1.1/src/rp2_common/pico_standard_binary_info/standard_binary_info.c.obj
 .binary_info.keep.__bi_ptr26
                0x1000d890        0x4 CMakeFiles/samwise-adcs.dir/C_/Users/pete/.pico-sdk/sdk/2.1.1/src/rp2_common/pico_standard_binary_info/standard_binary_info.c.obj
 *(.binary_info.*)
 .binary_info.__bi_ptr197
                0x1000d894        0x4 CMakeFiles/samwise-adcs.dir/C_/Users/pete/.pico-sdk/sdk/2.1.1/src/rp2_common/pico_stdio_usb/stdio_usb.c.obj
                0x1000d898                        __binary_info_end = .

.rel.dyn        0x1000d898        0x0
 .rel.iplt      0x1000d898        0x0 C:/Users/pete/.pico-sdk/toolchain/14_2_Rel1/bin/../lib/gcc/arm-none-eabi/14.2.1/thumb/v6-m/nofp/crtbegin.o
                0x1000d898                        . = ALIGN (0x4)

.ram_vector_table
                0x20000000       0xc0
 *(.ram_vector_table)
 .ram_vector_table
                0x20000000       0xc0 CMakeFiles/samwise-adcs.dir/C_/Users/pete/.pico-sdk/sdk/2.1.1/src/rp2_common/pico_runtime_init/runtime_init.c.obj
                0x20000000                ram_vector_table

.uninitialized_data
                0x200000c0        0x0
                0x200000c0                        . = ALIGN (0x4)
 *(.uninitialized_data*)

.data           0x200000c0      0xfd0 load address 0x1000d898
                0x200000c0                        __data_start__ = .
 *(vtable)
 *(.time_critical*)
 .time_critical.mutex_try_enter
                0x200000c0       0x40 CMakeFiles/samwise-adcs.dir/C_/Users/pete/.pico-sdk/sdk/2.1.1/src/common/pico_sync/mutex.c.obj
                0x200000c0                mutex_try_enter
 .time_critical.mutex_try_enter_block_until
                0x20000100       0x98 CMakeFiles/samwise-adcs.dir/C_/Users/pete/.pico-sdk/sdk/2.1.1/src/common/pico_sync/mutex.c.obj
                0x20000100                mutex_try_enter_block_until
 .time_critical.mutex_enter_timeout_ms
                0x20000198       0x8c CMakeFiles/samwise-adcs.dir/C_/Users/pete/.pico-sdk/sdk/2.1.1/src/common/pico_sync/mutex.c.obj
                0x20000198                mutex_enter_timeout_ms
 .time_critical.mutex_exit
                0x20000224       0x28 CMakeFiles/samwise-adcs.dir/C_/Users/pete/.pico-sdk/sdk/2.1.1/src/common/pico_sync/mutex.c.obj
                0x20000224                mutex_exit
 .time_critical.flash_init_boot2_copyout
                0x2000024c       0x30 CMakeFiles/samwise-adcs.dir/C_/Users/pete/.pico-sdk/sdk/2.1.1/src/rp2_common/hardware_flash/flash.c.obj
 .time_critical.flash_enable_xip_via_boot2
                0x2000027c        0xc CMakeFiles/samwise-adcs.dir/C_/Users/pete/.pico-sdk/sdk/2.1.1/src/rp2_common/hardware_flash/flash.c.obj
 .time_critical.flash_cs_force
                0x20000288       0x38 CMakeFiles/samwise-adcs.dir/C_/Users/pete/.pico-sdk/sdk/2.1.1/src/rp2_common/hardware_flash/flash.c.obj
 .time_critical.flash_do_cmd
                0x200002c0      0x130 CMakeFiles/samwise-adcs.dir/C_/Users/pete/.pico-sdk/sdk/2.1.1/src/rp2_common/hardware_flash/flash.c.obj
                0x200002c0                flash_do_cmd
 .time_critical.reset_non_control_endpoints
                0x200003f0       0x68 CMakeFiles/samwise-adcs.dir/C_/Users/pete/.pico-sdk/sdk/2.1.1/lib/tinyusb/src/portable/raspberrypi/rp2040/dcd_rp2040.c.obj
 .time_critical.hw_handle_buff_status
                0x20000458       0xa0 CMakeFiles/samwise-adcs.dir/C_/Users/pete/.pico-sdk/sdk/2.1.1/lib/tinyusb/src/portable/raspberrypi/rp2040/dcd_rp2040.c.obj
 .time_critical.dcd_rp2040_irq
                0x200004f8      0x548 CMakeFiles/samwise-adcs.dir/C_/Users/pete/.pico-sdk/sdk/2.1.1/lib/tinyusb/src/portable/raspberrypi/rp2040/dcd_rp2040.c.obj
 .time_critical.prepare_ep_buffer
                0x20000a40       0xc8 CMakeFiles/samwise-adcs.dir/C_/Users/pete/.pico-sdk/sdk/2.1.1/lib/tinyusb/src/portable/raspberrypi/rp2040/rp2040_usb.c.obj
 .time_critical.sync_ep_buffer
                0x20000b08       0x9c CMakeFiles/samwise-adcs.dir/C_/Users/pete/.pico-sdk/sdk/2.1.1/lib/tinyusb/src/portable/raspberrypi/rp2040/rp2040_usb.c.obj
 .time_critical._hw_endpoint_xfer_sync
                0x20000ba4       0x28 CMakeFiles/samwise-adcs.dir/C_/Users/pete/.pico-sdk/sdk/2.1.1/lib/tinyusb/src/portable/raspberrypi/rp2040/rp2040_usb.c.obj
 .time_critical.e15_is_bulkin_ep
                0x20000bcc       0x28 CMakeFiles/samwise-adcs.dir/C_/Users/pete/.pico-sdk/sdk/2.1.1/lib/tinyusb/src/portable/raspberrypi/rp2040/rp2040_usb.c.obj
 .time_critical.e15_is_critical_frame_period
                0x20000bf4       0x34 CMakeFiles/samwise-adcs.dir/C_/Users/pete/.pico-sdk/sdk/2.1.1/lib/tinyusb/src/portable/raspberrypi/rp2040/rp2040_usb.c.obj
 .time_critical.hw_endpoint_reset_transfer
                0x20000c28        0xc CMakeFiles/samwise-adcs.dir/C_/Users/pete/.pico-sdk/sdk/2.1.1/lib/tinyusb/src/portable/raspberrypi/rp2040/rp2040_usb.c.obj
                0x20000c28                hw_endpoint_reset_transfer
 .time_critical._hw_endpoint_buffer_control_update32
                0x20000c34       0x50 CMakeFiles/samwise-adcs.dir/C_/Users/pete/.pico-sdk/sdk/2.1.1/lib/tinyusb/src/portable/raspberrypi/rp2040/rp2040_usb.c.obj
                0x20000c34                _hw_endpoint_buffer_control_update32
 .time_critical.hw_endpoint_start_next_buffer
                0x20000c84       0x68 CMakeFiles/samwise-adcs.dir/C_/Users/pete/.pico-sdk/sdk/2.1.1/lib/tinyusb/src/portable/raspberrypi/rp2040/rp2040_usb.c.obj
                0x20000c84                hw_endpoint_start_next_buffer
 .time_critical.hw_endpoint_xfer_continue
                0x20000cec       0x40 CMakeFiles/samwise-adcs.dir/C_/Users/pete/.pico-sdk/sdk/2.1.1/lib/tinyusb/src/portable/raspberrypi/rp2040/rp2040_usb.c.obj
                0x20000cec                hw_endpoint_xfer_continue
 .time_critical.tinyusb
                0x20000d2c      0x1e4 CMakeFiles/samwise-adcs.dir/C_/Users/pete/.pico-sdk/sdk/2.1.1/lib/tinyusb/src/device/usbd.c.obj
                0x20000d2c                dcd_event_handler
 *(.text*)
 .text          0x20000f10        0x4 C:/Users/pete/.pico-sdk/toolchain/14_2_Rel1/bin/../lib/gcc/arm-none-eabi/14.2.1/thumb/v6-m/nofp\libgcc.a(_dvmd_tls.o)
                0x20000f10                __aeabi_idiv0
                0x20000f10                __aeabi_ldiv0
 *fill*         0x20000f14        0x4 
 .text.__stub   0x20000f18       0x80 linker stubs
                0x20000f98                        . = ALIGN (0x4)
 *(.rodata*)
                0x20000f98                        . = ALIGN (0x4)
 *(.data*)
 .data.bmi270_legacy_map_int
                0x20000f98       0x1c CMakeFiles/samwise-adcs.dir/src/drivers/external/bmi270_legacy.c.obj
                0x20000f98                bmi270_legacy_map_int
 .data.i2c1_inst
                0x20000fb4        0x8 CMakeFiles/samwise-adcs.dir/C_/Users/pete/.pico-sdk/sdk/2.1.1/src/rp2_common/hardware_i2c/i2c.c.obj
                0x20000fb4                i2c1_inst
 .data.i2c0_inst
                0x20000fbc        0x8 CMakeFiles/samwise-adcs.dir/C_/Users/pete/.pico-sdk/sdk/2.1.1/src/rp2_common/hardware_i2c/i2c.c.obj
                0x20000fbc                i2c0_inst
 .data.striped_spin_lock_num
                0x20000fc4        0x1 CMakeFiles/samwise-adcs.dir/C_/Users/pete/.pico-sdk/sdk/2.1.1/src/rp2_common/hardware_sync/sync.c.obj
 *fill*         0x20000fc5        0x3 
 .data.default_alarm_pool
                0x20000fc8       0x18 CMakeFiles/samwise-adcs.dir/C_/Users/pete/.pico-sdk/sdk/2.1.1/src/common/pico_time/time.c.obj
 .data          0x20000fe0       0x48 CMakeFiles/samwise-adcs.dir/C_/Users/pete/.pico-sdk/sdk/2.1.1/src/rp2_common/hardware_irq/irq_handler_chain.S.obj
                0x20000fe0                irq_handler_chain_slots
                0x20001010                irq_handler_chain_first_slot
                0x2000101a                irq_handler_chain_remove_tail
 *fill*         0x20001028        0x8 
 .data.aeabi_bits_funcs
                0x20001030       0x10 CMakeFiles/samwise-adcs.dir/C_/Users/pete/.pico-sdk/sdk/2.1.1/src/rp2_common/pico_bit_ops/bit_ops_aeabi.S.obj
                0x20001030                aeabi_bits_funcs
                0x20001040                aeabi_bits_funcs_end
 .data.aeabi_mem_funcs
                0x20001040       0x10 CMakeFiles/samwise-adcs.dir/C_/Users/pete/.pico-sdk/sdk/2.1.1/src/rp2_common/pico_mem_ops/mem_ops_aeabi.S.obj
                0x20001040                aeabi_mem_funcs
                0x20001050                aeabi_mem_funcs_end
 .data.stdio_usb
                0x20001050       0x18 CMakeFiles/samwise-adcs.dir/C_/Users/pete/.pico-sdk/sdk/2.1.1/src/rp2_common/pico_stdio_usb/stdio_usb.c.obj
                0x20001050                stdio_usb
 .data._usbd_qdef
                0x20001068       0x1c CMakeFiles/samwise-adcs.dir/C_/Users/pete/.pico-sdk/sdk/2.1.1/lib/tinyusb/src/device/usbd.c.obj
                0x20001068                _usbd_qdef
 .data._usbd_rhport
                0x20001084        0x1 CMakeFiles/samwise-adcs.dir/C_/Users/pete/.pico-sdk/sdk/2.1.1/lib/tinyusb/src/device/usbd.c.obj
                0x20001088                        . = ALIGN (0x4)
 *fill*         0x20001085        0x3 
 *(.after_data.*)
                0x20001088                        . = ALIGN (0x4)
                0x20001088                        PROVIDE (__mutex_array_start = .)
 *(SORT_BY_NAME(.mutex_array.*))
 *(.mutex_array)
 .mutex_array   0x20001088        0x8 CMakeFiles/samwise-adcs.dir/C_/Users/pete/.pico-sdk/sdk/2.1.1/src/rp2_common/pico_stdio/stdio.c.obj
                0x20001090                        PROVIDE (__mutex_array_end = .)
                0x20001090                        . = ALIGN (0x4)
 *(.jcr)
                0x20001090                        . = ALIGN (0x4)

.tm_clone_table
                0x20001090        0x0 load address 0x1000e868
 .tm_clone_table
                0x20001090        0x0 C:/Users/pete/.pico-sdk/toolchain/14_2_Rel1/bin/../lib/gcc/arm-none-eabi/14.2.1/thumb/v6-m/nofp/crtbegin.o
 .tm_clone_table
                0x20001090        0x0 C:/Users/pete/.pico-sdk/toolchain/14_2_Rel1/bin/../lib/gcc/arm-none-eabi/14.2.1/thumb/v6-m/nofp/crtend.o

.igot.plt       0x20001090        0x0 load address 0x1000e868
 .igot.plt      0x20001090        0x0 C:/Users/pete/.pico-sdk/toolchain/14_2_Rel1/bin/../lib/gcc/arm-none-eabi/14.2.1/thumb/v6-m/nofp/crtbegin.o

.tdata          0x20001090        0x0 load address 0x1000e868
                0x20001090                        . = ALIGN (0x4)
 *(.tdata .tdata.* .gnu.linkonce.td.*)
                0x20001090                        __tdata_end = .
                0x20001090                        PROVIDE (__data_end__ = .)
                0x1000d898                        __etext = LOADADDR (.data)

.tbss           0x20001090        0x0 load address 0x1000e868
                0x20001090                        . = ALIGN (0x4)
                0x20001090                        __bss_start__ = .
                0x20001090                        __tls_base = .
 *(.tbss .tbss.* .gnu.linkonce.tb.*)
 *(.tcommon)
                0x20001090                        __tls_end = .

.bss            0x20001090     0x10bc load address 0x1000e868
                0x20001090                        . = ALIGN (0x4)
                0x20001090                        __tbss_end = .
 *(SORT_BY_ALIGNMENT(SORT_BY_NAME(.bss*)))
 .bss.default_alarm_pool_entries